###############################################################################
#
# IAR ELF Linker V8.32.1.169/W32 for ARM                  06/Jan/2020  09:56:02
# Copyright 2007-2018 IAR Systems AB.
#
#    Output file  =  
#        F:\CS-iTDTU-01\code\Project\EWARM\CS-iTDTU-01\Exe\CS-iTVP-06.out
#    Map file     =  
#        F:\CS-iTDTU-01\code\Project\EWARM\CS-iTDTU-01\List\CS-iTVP-06.map
#    Command line =  
#        -f C:\Users\ADMINI~1\AppData\Local\Temp\EW4FC4.tmp
#        (F:\CS-iTDTU-01\code\Project\EWARM\CS-iTDTU-01\Obj\adc.o
#        F:\CS-iTDTU-01\code\Project\EWARM\CS-iTDTU-01\Obj\ADCDriver.o
#        F:\CS-iTDTU-01\code\Project\EWARM\CS-iTDTU-01\Obj\battery.o
#        F:\CS-iTDTU-01\code\Project\EWARM\CS-iTDTU-01\Obj\character_convert.o
#        F:\CS-iTDTU-01\code\Project\EWARM\CS-iTDTU-01\Obj\common_interface.o
#        F:\CS-iTDTU-01\code\Project\EWARM\CS-iTDTU-01\Obj\communication.o
#        F:\CS-iTDTU-01\code\Project\EWARM\CS-iTDTU-01\Obj\dma.o
#        F:\CS-iTDTU-01\code\Project\EWARM\CS-iTDTU-01\Obj\duart.o
#        F:\CS-iTDTU-01\code\Project\EWARM\CS-iTDTU-01\Obj\EEPROM.o
#        F:\CS-iTDTU-01\code\Project\EWARM\CS-iTDTU-01\Obj\Flash.o
#        F:\CS-iTDTU-01\code\Project\EWARM\CS-iTDTU-01\Obj\gpio.o
#        F:\CS-iTDTU-01\code\Project\EWARM\CS-iTDTU-01\Obj\IOChannelManage.o
#        F:\CS-iTDTU-01\code\Project\EWARM\CS-iTDTU-01\Obj\led.o
#        F:\CS-iTDTU-01\code\Project\EWARM\CS-iTDTU-01\Obj\lorawan.o
#        F:\CS-iTDTU-01\code\Project\EWARM\CS-iTDTU-01\Obj\low_power_ctl.o
#        F:\CS-iTDTU-01\code\Project\EWARM\CS-iTDTU-01\Obj\lptim.o
#        F:\CS-iTDTU-01\code\Project\EWARM\CS-iTDTU-01\Obj\main.o
#        F:\CS-iTDTU-01\code\Project\EWARM\CS-iTDTU-01\Obj\musart.o
#        F:\CS-iTDTU-01\code\Project\EWARM\CS-iTDTU-01\Obj\NBIOT.o
#        F:\CS-iTDTU-01\code\Project\EWARM\CS-iTDTU-01\Obj\product_protocol.o
#        F:\CS-iTDTU-01\code\Project\EWARM\CS-iTDTU-01\Obj\Protocol.o
#        F:\CS-iTDTU-01\code\Project\EWARM\CS-iTDTU-01\Obj\RS485.o
#        F:\CS-iTDTU-01\code\Project\EWARM\CS-iTDTU-01\Obj\SrvIODevice.o
#        F:\CS-iTDTU-01\code\Project\EWARM\CS-iTDTU-01\Obj\SrvIODeviceItem.o
#        F:\CS-iTDTU-01\code\Project\EWARM\CS-iTDTU-01\Obj\SrvList.o
#        F:\CS-iTDTU-01\code\Project\EWARM\CS-iTDTU-01\Obj\startup_stm32l071xx.o
#        F:\CS-iTDTU-01\code\Project\EWARM\CS-iTDTU-01\Obj\stm32l0xx_hal.o
#        F:\CS-iTDTU-01\code\Project\EWARM\CS-iTDTU-01\Obj\stm32l0xx_hal_adc.o
#        F:\CS-iTDTU-01\code\Project\EWARM\CS-iTDTU-01\Obj\stm32l0xx_hal_adc_ex.o
#        F:\CS-iTDTU-01\code\Project\EWARM\CS-iTDTU-01\Obj\stm32l0xx_hal_cortex.o
#        F:\CS-iTDTU-01\code\Project\EWARM\CS-iTDTU-01\Obj\stm32l0xx_hal_dma.o
#        F:\CS-iTDTU-01\code\Project\EWARM\CS-iTDTU-01\Obj\stm32l0xx_hal_flash.o
#        F:\CS-iTDTU-01\code\Project\EWARM\CS-iTDTU-01\Obj\stm32l0xx_hal_flash_ex.o
#        F:\CS-iTDTU-01\code\Project\EWARM\CS-iTDTU-01\Obj\stm32l0xx_hal_flash_ramfunc.o
#        F:\CS-iTDTU-01\code\Project\EWARM\CS-iTDTU-01\Obj\stm32l0xx_hal_gpio.o
#        F:\CS-iTDTU-01\code\Project\EWARM\CS-iTDTU-01\Obj\stm32l0xx_hal_lptim.o
#        F:\CS-iTDTU-01\code\Project\EWARM\CS-iTDTU-01\Obj\stm32l0xx_hal_msp.o
#        F:\CS-iTDTU-01\code\Project\EWARM\CS-iTDTU-01\Obj\stm32l0xx_hal_pwr.o
#        F:\CS-iTDTU-01\code\Project\EWARM\CS-iTDTU-01\Obj\stm32l0xx_hal_pwr_ex.o
#        F:\CS-iTDTU-01\code\Project\EWARM\CS-iTDTU-01\Obj\stm32l0xx_hal_rcc.o
#        F:\CS-iTDTU-01\code\Project\EWARM\CS-iTDTU-01\Obj\stm32l0xx_hal_rcc_ex.o
#        F:\CS-iTDTU-01\code\Project\EWARM\CS-iTDTU-01\Obj\stm32l0xx_hal_smbus.o
#        F:\CS-iTDTU-01\code\Project\EWARM\CS-iTDTU-01\Obj\stm32l0xx_hal_tim.o
#        F:\CS-iTDTU-01\code\Project\EWARM\CS-iTDTU-01\Obj\stm32l0xx_hal_tim_ex.o
#        F:\CS-iTDTU-01\code\Project\EWARM\CS-iTDTU-01\Obj\stm32l0xx_hal_uart.o
#        F:\CS-iTDTU-01\code\Project\EWARM\CS-iTDTU-01\Obj\stm32l0xx_hal_uart_ex.o
#        F:\CS-iTDTU-01\code\Project\EWARM\CS-iTDTU-01\Obj\stm32l0xx_it.o
#        F:\CS-iTDTU-01\code\Project\EWARM\CS-iTDTU-01\Obj\system_stm32l0xx.o
#        F:\CS-iTDTU-01\code\Project\EWARM\CS-iTDTU-01\Obj\tim.o
#        F:\CS-iTDTU-01\code\Project\EWARM\CS-iTDTU-01\Obj\usart.o --redirect
#        _Printf=_PrintfFull --redirect _Scanf=_ScanfFull --no_out_extension -o
#        F:\CS-iTDTU-01\code\Project\EWARM\CS-iTDTU-01\Exe\CS-iTVP-06.out --map
#        F:\CS-iTDTU-01\code\Project\EWARM\CS-iTDTU-01\List\CS-iTVP-06.map
#        --config F:\CS-iTDTU-01\code\Project\EWARM/stm32l071xx_flash.icf
#        --semihosting --entry __iar_program_start --vfe --text_out locale)
#
###############################################################################

*******************************************************************************
*** RUNTIME MODEL ATTRIBUTES
***

CppFlavor       = *
__Heap_Handler  = NoFree
__SystemLibrary = DLib
__dlib_version  = 6


*******************************************************************************
*** HEAP SELECTION
***

The no free heap was selected because no calls to memory
deallocation functions were found in the application.


*******************************************************************************
*** PLACEMENT SUMMARY
***

"A0":  place at 0x800'0000 { ro section .intvec };
"P1":  place in [from 0x800'0000 to 0x801'bfff] { ro };
define block CSTACK with size = 1K, alignment = 8 { };
define block HEAP with size = 512, alignment = 8 { };
"P2":  place in [from 0x2000'0000 to 0x2000'4fff] {
          rw, block CSTACK, block HEAP };
initialize by copy { rw };

  Section            Kind         Address     Size  Object
  -------            ----         -------     ----  ------
"A0":                                         0xc0
  .intvec            ro code   0x800'0000     0xc0  startup_stm32l071xx.o [1]
                             - 0x800'00c0     0xc0

"P1":                                      0x112ca
  .text              ro code   0x800'00c0   0x1c54  NBIOT.o [1]
  .text              ro code   0x800'1d14    0x45c  tim.o [1]
  .text              ro code   0x800'2170     0xb0  musart.o [1]
  .text              ro code   0x800'2220     0x52  ABImemset.o [4]
  .text              ro code   0x800'2272     0x7e  lz77_init_single.o [4]
  .text              ro code   0x800'22f0     0x68  SrvIODeviceItem.o [1]
  .text              ro code   0x800'2358     0x40  sprintf.o [2]
  .text              ro code   0x800'2398     0xa4  gpio.o [1]
  .text              ro code   0x800'243c    0x588  common_interface.o [1]
  .text              ro code   0x800'29c4    0x96c  main.o [1]
  .text              ro code   0x800'3330     0x28  printf.o [2]
  .text              ro code   0x800'3358     0x16  uread4.o [4]
  .text              ro code   0x800'336e      0xa  xsprout.o [2]
  .text              ro code   0x800'3378     0x4e  ABImemcpy.o [4]
  .rodata            const     0x800'33c6      0x2  communication.o [1]
  .text              ro code   0x800'33c8      0xe  strlen.o [4]
  .text              ro code   0x800'33d6      0x2  startup_stm32l071xx.o [1]
  .text              ro code   0x800'33d8     0xc0  strncpy.o [4]
  .text              ro code   0x800'3498    0x280  character_convert.o [1]
  .text              ro code   0x800'3718     0x32  strstr.o [2]
  .text              ro code   0x800'374a      0x2  startup_stm32l071xx.o [1]
  .text              ro code   0x800'374c     0x14  uwrite4.o [4]
  .text              ro code   0x800'3760     0xe0  I32DivModFast.o [4]
  .text              ro code   0x800'3840    0xc54  Protocol.o [1]
  .text              ro code   0x800'4494    0x3b8  stm32l0xx_hal_gpio.o [1]
  .text              ro code   0x800'484c    0x3d8  stm32l0xx_hal_tim.o [1]
  .text              ro code   0x800'4c24     0x5c  stm32l0xx_hal_tim_ex.o [1]
  .text              ro code   0x800'4c80    0x162  stm32l0xx_hal_cortex.o [1]
  .text              ro code   0x800'4de2      0x2  startup_stm32l071xx.o [1]
  .text              ro code   0x800'4de4    0x338  led.o [1]
  .text              ro code   0x800'511c    0x3c4  usart.o [1]
  .text              ro code   0x800'54e0    0xafe  stm32l0xx_hal_uart.o [1]
  .text              ro code   0x800'5fde     0x4e  SrvList.o [1]
  .text              ro code   0x800'602c    0xff2  xprintffull.o [2]
  .text              ro code   0x800'701e    0x178  SrvIODevice.o [1]
  .text              ro code   0x800'7196      0x2  startup_stm32l071xx.o [1]
  .text              ro code   0x800'7198    0x160  battery.o [1]
  .text              ro code   0x800'72f8     0x18  stm32l0xx_hal.o [1]
  .text              ro code   0x800'7310     0x20  stm32l0xx_hal.o [1]
  .text              ro code   0x800'7330    0x16c  EEPROM.o [1]
  .text              ro code   0x800'749c    0x254  ADCDriver.o [1]
  .text              ro code   0x800'76f0    0x1f4  duart.o [1]
  .text              ro code   0x800'78e4     0xa4  lptim.o [1]
  .text              ro code   0x800'7988    0xc3c  communication.o [1]
  .text              ro code   0x800'85c4    0x1d8  low_power_ctl.o [1]
  .text              ro code   0x800'879c     0x58  stm32l0xx_hal_pwr.o [1]
  .text              ro code   0x800'87f4    0x8c8  stm32l0xx_hal_rcc.o [1]
  .text              ro code   0x800'90bc    0x488  stm32l0xx_hal_rcc_ex.o [1]
  .text              ro code   0x800'9544    0x15c  iar_Stoulx.o [2]
  .text              ro code   0x800'96a0     0x12  strchr.o [4]
  .text              ro code   0x800'96b2      0x2  startup_stm32l071xx.o [1]
  .text              ro code   0x800'96b4      0x2  IntDivZer.o [4]
  .text              ro code   0x800'96b6      0x2  startup_stm32l071xx.o [1]
  .text              ro code   0x800'96b8    0x18c  product_protocol.o [1]
  .text              ro code   0x800'9844      0x2  stm32l0xx_hal_tim.o [1]
  .text              ro code   0x800'9846      0x2  stm32l0xx_hal_tim.o [1]
  .text              ro code   0x800'9848      0x2  stm32l0xx_hal_tim.o [1]
  .text              ro code   0x800'984a      0x2  stm32l0xx_hal_tim.o [1]
  .text              ro code   0x800'984c      0xc  stm32l0xx_hal.o [1]
  .text              ro code   0x800'9858    0x894  stm32l0xx_hal_dma.o [1]
  .text              ro code   0x800'a0ec      0x2  stm32l0xx_hal_uart.o [1]
  .text              ro code   0x800'a0ee      0x2  startup_stm32l071xx.o [1]
  .text              ro code   0x800'a0f0      0x2  stm32l0xx_hal_uart_ex.o [1]
  .text              ro code   0x800'a0f2      0x2  startup_stm32l071xx.o [1]
  .text              ro code   0x800'a0f4     0x32  I64Mul.o [4]
  .text              ro code   0x800'a126     0x6a  I64DivMod.o [4]
  .text              ro code   0x800'a190    0x120  xlocale_c.o [2]
  .text              ro code   0x800'a2b0     0x48  xfail_s.o [2]
  .text              ro code   0x800'a2f8     0x16  memchr.o [4]
  .text              ro code   0x800'a30e      0xa  xmbcurmax.o [2]
  .text              ro code   0x800'a318    0x184  DblMul.o [3]
  .text              ro code   0x800'a49c     0x32  DblCmpLe.o [3]
  .text              ro code   0x800'a4ce     0x32  DblCmpGe.o [3]
  .text              ro code   0x800'a500     0x52  DblToI32.o [3]
  .text              ro code   0x800'a552      0x2  startup_stm32l071xx.o [1]
  .text              ro code   0x800'a554     0x34  IxxToDbl.o [3]
  .text              ro code   0x800'a588    0x1b4  DblAddSub.o [3]
  .text              ro code   0x800'a73c     0xc2  DblDiv.o [3]
  .text              ro code   0x800'a7fe      0x2  startup_stm32l071xx.o [1]
  .text              ro code   0x800'a800     0x28  stm32l0xx_hal.o [1]
  .text              ro code   0x800'a828     0x4c  stm32l0xx_hal_msp.o [1]
  .text              ro code   0x800'a874     0xb8  stm32l0xx_hal_flash_ex.o [1]
  .text              ro code   0x800'a92c     0x34  dma.o [1]
  .text              ro code   0x800'a960    0x1a8  adc.o [1]
  .text              ro code   0x800'ab08    0x768  stm32l0xx_hal_adc.o [1]
  .text              ro code   0x800'b270    0x1f4  stm32l0xx_hal_lptim.o [1]
  .text              ro code   0x800'b464     0x28  scanf.o [2]
  .text              ro code   0x800'b48c     0x26  FltCmpLe.o [3]
  .text              ro code   0x800'b4b2      0x2  startup_stm32l071xx.o [1]
  .text              ro code   0x800'b4b4     0x28  FltCmpGe.o [3]
  .text              ro code   0x800'b4dc     0xb0  FltMul.o [3]
  .text              ro code   0x800'b58c     0x3a  FltToS32.o [3]
  .text              ro code   0x800'b5c6     0x62  DblToFlt.o [3]
  .text              ro code   0x800'b628     0x32  FltToDbl.o [3]
  .text              ro code   0x800'b65a      0x2  startup_stm32l071xx.o [1]
  .text              ro code   0x800'b65c     0x24  stm32l0xx_hal_pwr_ex.o [1]
  .text              ro code   0x800'b680     0x12  isspace.o [2]
  .text              ro code   0x800'b692     0x12  tolower.o [2]
  .text              ro code   0x800'b6a4      0x2  I64DivZer.o [4]
  .text              ro code   0x800'b6a6      0xa  abort.o [2]
  .text              ro code   0x800'b6b0    0x158  stm32l0xx_hal_flash.o [1]
  .text              ro code   0x800'b808     0xcc  stm32l0xx_hal_adc_ex.o [1]
  .text              ro code   0x800'b8d4      0x2  stm32l0xx_hal_adc.o [1]
  .text              ro code   0x800'b8d6      0x2  stm32l0xx_hal_adc.o [1]
  .text              ro code   0x800'b8d8      0x2  stm32l0xx_hal_adc.o [1]
  .text              ro code   0x800'b8da      0x2  stm32l0xx_hal_lptim.o [1]
  .text              ro code   0x800'b8dc      0x2  stm32l0xx_hal_lptim.o [1]
  .text              ro code   0x800'b8de      0x2  stm32l0xx_hal_lptim.o [1]
  .text              ro code   0x800'b8e0      0x2  stm32l0xx_hal_lptim.o [1]
  .text              ro code   0x800'b8e2      0x2  stm32l0xx_hal_lptim.o [1]
  .text              ro code   0x800'b8e4      0x2  stm32l0xx_hal_lptim.o [1]
  .text              ro code   0x800'b8e6      0x2  startup_stm32l071xx.o [1]
  .text              ro code   0x800'b8e8    0xf5c  xscanffull.o [2]
  .text              ro code   0x800'c844     0x14  exit.o [5]
  .text              ro code   0x800'c858     0x38  wctob.o [2]
  .text              ro code   0x800'c890     0xa8  iar_Stollx.o [2]
  .text              ro code   0x800'c938    0x19e  iar_Stoullx.o [2]
  .text              ro code   0x800'cad6      0x2  startup_stm32l071xx.o [1]
  .text              ro code   0x800'cad8    0x3e4  strto64.o [3]
  .text              ro code   0x800'cebc     0x12  isalpha.o [2]
  .text              ro code   0x800'cece    0x118  iar_Stopfx.o [2]
  .text              ro code   0x800'cfe6      0x2  startup_stm32l071xx.o [1]
  .text              ro code   0x800'cfe8    0x1e0  iar_Stoflt.o [2]
  .text              ro code   0x800'd1c8    0x234  iar_Stoxflt.o [2]
  .text              ro code   0x800'd3fc    0x688  IOChannelManage.o [1]
  .text              ro code   0x800'da84     0x20  ABImemmove.o [4]
  .text              ro code   0x800'daa4     0xd0  xfrprep.o [2]
  .text              ro code   0x800'db74     0x4c  no_free_heap0.o [2]
  .text              ro code   0x800'dbc0     0x2c  xgetmemchunk.o [2]
  .rodata            const     0x800'dbec     0x9c  communication.o [1]
  .rodata            const     0x800'dc88     0x94  communication.o [1]
  .text              ro code   0x800'dd1c     0x84  stm32l0xx_it.o [1]
  .text              ro code   0x800'dda0     0x10  stm32l0xx_hal.o [1]
  .rodata            const     0x800'ddb0     0x80  communication.o [1]
  .text              ro code   0x800'de30     0x80  system_stm32l0xx.o [1]
  .rodata            const     0x800'deb0     0x64  communication.o [1]
  .text              ro code   0x800'df14     0x60  ungetc.o [2]
  .text              ro code   0x800'df74     0x56  fgetc.o [2]
  .text              ro code   0x800'dfca      0x2  startup_stm32l071xx.o [1]
  .rodata            const     0x800'dfcc     0x54  communication.o [1]
  .rodata            const     0x800'e020     0x50  iar_Stoulx.o [2]
  .rodata            const     0x800'e070     0x50  iar_Stoullx.o [2]
  .rodata            const     0x800'e0c0     0x4c  communication.o [1]
  .rodata            const     0x800'e10c     0x4c  Protocol.o [1]
  .rodata            const     0x800'e158     0x4c  xscanffull.o [2]
  .rodata            const     0x800'e1a4     0x48  Protocol.o [1]
  .rodata            const     0x800'e1ec     0x44  communication.o [1]
  .rodata            const     0x800'e230     0x48  strto64.o [3]
  .rodata            const     0x800'e278     0x44  NBIOT.o [1]
  .rodata            const     0x800'e2bc     0x40  communication.o [1]
  .rodata            const     0x800'e2fc     0x40  main.o [1]
  .rodata            const     0x800'e33c     0x40  main.o [1]
  .rodata            const     0x800'e37c     0x40  Protocol.o [1]
  .rodata            const     0x800'e3bc     0x40  Protocol.o [1]
  .rodata            const     0x800'e3fc     0x40  Protocol.o [1]
  .rodata            const     0x800'e43c     0x3c  communication.o [1]
  .rodata            const     0x800'e478     0x3c  communication.o [1]
  .rodata            const     0x800'e4b4     0x3c  communication.o [1]
  .rodata            const     0x800'e4f0     0x3c  communication.o [1]
  .rodata            const     0x800'e52c     0x3c  communication.o [1]
  .rodata            const     0x800'e568     0x3c  communication.o [1]
  .rodata            const     0x800'e5a4     0x3c  communication.o [1]
  .rodata            const     0x800'e5e0     0x3c  communication.o [1]
  .rodata            const     0x800'e61c     0x3c  NBIOT.o [1]
  .rodata            const     0x800'e658     0x3c  NBIOT.o [1]
  .rodata            const     0x800'e694     0x3c  Protocol.o [1]
  .rodata            const     0x800'e6d0     0x3c  Protocol.o [1]
  .rodata            const     0x800'e70c     0x3c  Protocol.o [1]
  .rodata            const     0x800'e748     0x3c  Protocol.o [1]
  .text              ro code   0x800'e784     0x3c  zero_init3.o [4]
  .rodata            const     0x800'e7c0     0x38  battery.o [1]
  .rodata            const     0x800'e7f8     0x38  common_interface.o [1]
  .rodata            const     0x800'e830     0x38  common_interface.o [1]
  .rodata            const     0x800'e868     0x38  communication.o [1]
  .rodata            const     0x800'e8a0     0x38  communication.o [1]
  .rodata            const     0x800'e8d8     0x38  communication.o [1]
  .rodata            const     0x800'e910     0x38  communication.o [1]
  .rodata            const     0x800'e948     0x38  main.o [1]
  .rodata            const     0x800'e980     0x38  NBIOT.o [1]
  .rodata            const     0x800'e9b8     0x38  Protocol.o [1]
  .rodata            const     0x800'e9f0     0x34  character_convert.o [1]
  .rodata            const     0x800'ea24     0x34  character_convert.o [1]
  .rodata            const     0x800'ea58     0x34  common_interface.o [1]
  .rodata            const     0x800'ea8c     0x34  common_interface.o [1]
  .rodata            const     0x800'eac0     0x34  common_interface.o [1]
  .rodata            const     0x800'eaf4     0x34  communication.o [1]
  .rodata            const     0x800'eb28     0x34  communication.o [1]
  .rodata            const     0x800'eb5c     0x34  communication.o [1]
  .rodata            const     0x800'eb90     0x34  lptim.o [1]
  .rodata            const     0x800'ebc4     0x34  main.o [1]
  .rodata            const     0x800'ebf8     0x34  main.o [1]
  .rodata            const     0x800'ec2c     0x34  main.o [1]
  .rodata            const     0x800'ec60     0x34  main.o [1]
  .rodata            const     0x800'ec94     0x34  main.o [1]
  .rodata            const     0x800'ecc8     0x34  main.o [1]
  .rodata            const     0x800'ecfc     0x34  musart.o [1]
  .rodata            const     0x800'ed30     0x34  NBIOT.o [1]
  .rodata            const     0x800'ed64     0x34  NBIOT.o [1]
  .rodata            const     0x800'ed98     0x34  NBIOT.o [1]
  .rodata            const     0x800'edcc     0x34  Protocol.o [1]
  .rodata            const     0x800'ee00     0x34  Protocol.o [1]
  .rodata            const     0x800'ee34     0x34  Protocol.o [1]
  .rodata            const     0x800'ee68     0x34  Protocol.o [1]
  .rodata            const     0x800'ee9c     0x34  Protocol.o [1]
  .rodata            const     0x800'eed0     0x34  Protocol.o [1]
  .rodata            const     0x800'ef04     0x34  Protocol.o [1]
  .rodata            const     0x800'ef38     0x34  tim.o [1]
  .rodata            const     0x800'ef6c     0x34  usart.o [1]
  .rodata            const     0x800'efa0     0x30  adc.o [1]
  .rodata            const     0x800'efd0     0x30  common_interface.o [1]
  .rodata            const     0x800'f000     0x30  common_interface.o [1]
  .rodata            const     0x800'f030     0x30  common_interface.o [1]
  .rodata            const     0x800'f060     0x30  common_interface.o [1]
  .rodata            const     0x800'f090     0x30  common_interface.o [1]
  .rodata            const     0x800'f0c0     0x30  common_interface.o [1]
  .rodata            const     0x800'f0f0     0x30  common_interface.o [1]
  .rodata            const     0x800'f120     0x30  common_interface.o [1]
  .rodata            const     0x800'f150     0x30  common_interface.o [1]
  .rodata            const     0x800'f180     0x30  common_interface.o [1]
  .rodata            const     0x800'f1b0     0x30  common_interface.o [1]
  .rodata            const     0x800'f1e0     0x30  common_interface.o [1]
  .rodata            const     0x800'f210     0x30  common_interface.o [1]
  .rodata            const     0x800'f240     0x30  common_interface.o [1]
  .rodata            const     0x800'f270     0x30  common_interface.o [1]
  .rodata            const     0x800'f2a0     0x30  communication.o [1]
  .rodata            const     0x800'f2d0     0x30  communication.o [1]
  .rodata            const     0x800'f300     0x30  communication.o [1]
  .rodata            const     0x800'f330     0x30  communication.o [1]
  .rodata            const     0x800'f360     0x30  IOChannelManage.o [1]
  .rodata            const     0x800'f390     0x30  main.o [1]
  .rodata            const     0x800'f3c0     0x30  main.o [1]
  .rodata            const     0x800'f3f0     0x30  main.o [1]
  .rodata            const     0x800'f420     0x30  main.o [1]
  .rodata            const     0x800'f450     0x30  main.o [1]
  .rodata            const     0x800'f480     0x30  NBIOT.o [1]
  .rodata            const     0x800'f4b0     0x30  NBIOT.o [1]
  .rodata            const     0x800'f4e0     0x30  NBIOT.o [1]
  .rodata            const     0x800'f510     0x30  NBIOT.o [1]
  .rodata            const     0x800'f540     0x30  NBIOT.o [1]
  .rodata            const     0x800'f570     0x30  NBIOT.o [1]
  .rodata            const     0x800'f5a0     0x30  NBIOT.o [1]
  .rodata            const     0x800'f5d0     0x30  Protocol.o [1]
  .rodata            const     0x800'f600     0x30  Protocol.o [1]
  .rodata            const     0x800'f630     0x30  Protocol.o [1]
  .rodata            const     0x800'f660     0x30  Protocol.o [1]
  .rodata            const     0x800'f690     0x30  Protocol.o [1]
  .rodata            const     0x800'f6c0     0x30  Protocol.o [1]
  .rodata            const     0x800'f6f0     0x30  Protocol.o [1]
  .rodata            const     0x800'f720     0x30  Protocol.o [1]
  .rodata            const     0x800'f750     0x30  Protocol.o [1]
  .rodata            const     0x800'f780     0x30  tim.o [1]
  .rodata            const     0x800'f7b0     0x2c  ADCDriver.o [1]
  .rodata            const     0x800'f7dc     0x2c  common_interface.o [1]
  .rodata            const     0x800'f808     0x2c  common_interface.o [1]
  .rodata            const     0x800'f834     0x2c  common_interface.o [1]
  .rodata            const     0x800'f860     0x2c  common_interface.o [1]
  .rodata            const     0x800'f88c     0x2c  common_interface.o [1]
  .rodata            const     0x800'f8b8     0x2c  communication.o [1]
  .rodata            const     0x800'f8e4     0x2c  communication.o [1]
  .rodata            const     0x800'f910     0x2c  communication.o [1]
  .rodata            const     0x800'f93c     0x2c  communication.o [1]
  .rodata            const     0x800'f968     0x2c  IOChannelManage.o [1]
  .rodata            const     0x800'f994     0x2c  main.o [1]
  .rodata            const     0x800'f9c0     0x2c  main.o [1]
  .rodata            const     0x800'f9ec     0x2c  NBIOT.o [1]
  .rodata            const     0x800'fa18     0x2c  NBIOT.o [1]
  .rodata            const     0x800'fa44     0x2c  Protocol.o [1]
  .rodata            const     0x800'fa70     0x2c  Protocol.o [1]
  .rodata            const     0x800'fa9c     0x28  ADCDriver.o [1]
  .rodata            const     0x800'fac4     0x28  communication.o [1]
  .rodata            const     0x800'faec     0x28  communication.o [1]
  .rodata            const     0x800'fb14     0x28  communication.o [1]
  .rodata            const     0x800'fb3c     0x28  communication.o [1]
  .rodata            const     0x800'fb64     0x28  communication.o [1]
  .rodata            const     0x800'fb8c     0x28  communication.o [1]
  .rodata            const     0x800'fbb4     0x28  communication.o [1]
  .rodata            const     0x800'fbdc     0x28  communication.o [1]
  .rodata            const     0x800'fc04     0x28  communication.o [1]
  .rodata            const     0x800'fc2c     0x28  communication.o [1]
  .rodata            const     0x800'fc54     0x28  communication.o [1]
  .rodata            const     0x800'fc7c     0x28  IOChannelManage.o [1]
  .rodata            const     0x800'fca4     0x28  IOChannelManage.o [1]
  .rodata            const     0x800'fccc     0x28  IOChannelManage.o [1]
  .rodata            const     0x800'fcf4     0x28  IOChannelManage.o [1]
  .rodata            const     0x800'fd1c     0x28  main.o [1]
  .rodata            const     0x800'fd44     0x28  main.o [1]
  .rodata            const     0x800'fd6c     0x28  main.o [1]
  .rodata            const     0x800'fd94     0x28  main.o [1]
  .rodata            const     0x800'fdbc     0x28  main.o [1]
  .rodata            const     0x800'fde4     0x28  main.o [1]
  .rodata            const     0x800'fe0c     0x28  main.o [1]
  .rodata            const     0x800'fe34     0x28  main.o [1]
  .rodata            const     0x800'fe5c     0x28  NBIOT.o [1]
  .rodata            const     0x800'fe84     0x28  NBIOT.o [1]
  .rodata            const     0x800'feac     0x28  Protocol.o [1]
  .rodata            const     0x800'fed4     0x28  Protocol.o [1]
  .rodata            const     0x800'fefc     0x28  Protocol.o [1]
  .rodata            const     0x800'ff24     0x28  Protocol.o [1]
  .rodata            const     0x800'ff4c     0x28  Protocol.o [1]
  .rodata            const     0x800'ff74     0x28  xscanffull.o [2]
  .text              ro code   0x800'ff9c     0x28  data_init.o [4]
  .rodata            const     0x800'ffc4     0x24  common_interface.o [1]
  .rodata            const     0x800'ffe8     0x24  communication.o [1]
  .rodata            const     0x801'000c     0x24  communication.o [1]
  .rodata            const     0x801'0030     0x24  communication.o [1]
  .rodata            const     0x801'0054     0x24  IOChannelManage.o [1]
  .rodata            const     0x801'0078     0x24  main.o [1]
  .rodata            const     0x801'009c     0x24  main.o [1]
  .rodata            const     0x801'00c0     0x24  main.o [1]
  .rodata            const     0x801'00e4     0x24  main.o [1]
  .rodata            const     0x801'0108     0x24  main.o [1]
  .rodata            const     0x801'012c     0x24  main.o [1]
  .rodata            const     0x801'0150     0x24  musart.o [1]
  .rodata            const     0x801'0174     0x24  NBIOT.o [1]
  .rodata            const     0x801'0198     0x24  NBIOT.o [1]
  .rodata            const     0x801'01bc     0x24  NBIOT.o [1]
  .rodata            const     0x801'01e0     0x24  NBIOT.o [1]
  .rodata            const     0x801'0204     0x24  NBIOT.o [1]
  .rodata            const     0x801'0228     0x24  NBIOT.o [1]
  .rodata            const     0x801'024c     0x24  NBIOT.o [1]
  .rodata            const     0x801'0270     0x24  Protocol.o [1]
  .rodata            const     0x801'0294     0x24  Protocol.o [1]
  .rodata            const     0x801'02b8     0x24  Protocol.o [1]
  .rodata            const     0x801'02dc     0x24  Protocol.o [1]
  .text              ro code   0x801'0300     0x24  xencoding_8859_1.o [2]
  .iar.init_table    const     0x801'0324     0x20  - Linker created -
  .rodata            const     0x801'0344     0x20  character_convert.o [1]
  .rodata            const     0x801'0364     0x20  common_interface.o [1]
  .rodata            const     0x801'0384     0x20  communication.o [1]
  .rodata            const     0x801'03a4     0x20  communication.o [1]
  .rodata            const     0x801'03c4     0x20  communication.o [1]
  .rodata            const     0x801'03e4     0x20  communication.o [1]
  .rodata            const     0x801'0404     0x20  communication.o [1]
  .rodata            const     0x801'0424     0x20  communication.o [1]
  .rodata            const     0x801'0444     0x20  communication.o [1]
  .rodata            const     0x801'0464     0x20  low_power_ctl.o [1]
  .rodata            const     0x801'0484     0x20  main.o [1]
  .rodata            const     0x801'04a4     0x20  main.o [1]
  .rodata            const     0x801'04c4     0x20  main.o [1]
  .rodata            const     0x801'04e4     0x20  main.o [1]
  .rodata            const     0x801'0504     0x20  main.o [1]
  .rodata            const     0x801'0524     0x20  NBIOT.o [1]
  .rodata            const     0x801'0544     0x20  NBIOT.o [1]
  .rodata            const     0x801'0564     0x20  NBIOT.o [1]
  .rodata            const     0x801'0584     0x20  NBIOT.o [1]
  .text              ro code   0x801'05a4     0x1e  cmain.o [4]
  .text              ro code   0x801'05c2      0x4  low_level_init.o [2]
  .text              ro code   0x801'05c6      0x8  exit.o [2]
  .text              ro code   0x801'05ce      0x2  startup_stm32l071xx.o [1]
  .text              ro code   0x801'05d0      0xa  cexit.o [4]
  .text              ro code   0x801'05da      0x2  startup_stm32l071xx.o [1]
  .rodata            const     0x801'05dc     0x1c  ADCDriver.o [1]
  .rodata            const     0x801'05f8     0x1c  character_convert.o [1]
  .rodata            const     0x801'0614     0x1c  character_convert.o [1]
  .rodata            const     0x801'0630     0x1c  character_convert.o [1]
  .rodata            const     0x801'064c     0x1c  character_convert.o [1]
  .rodata            const     0x801'0668     0x1c  communication.o [1]
  .rodata            const     0x801'0684     0x1c  communication.o [1]
  .rodata            const     0x801'06a0     0x1c  communication.o [1]
  .rodata            const     0x801'06bc     0x1c  communication.o [1]
  .rodata            const     0x801'06d8     0x1c  communication.o [1]
  .rodata            const     0x801'06f4     0x1c  communication.o [1]
  .rodata            const     0x801'0710     0x1c  communication.o [1]
  .rodata            const     0x801'072c     0x1c  IOChannelManage.o [1]
  .rodata            const     0x801'0748     0x1c  main.o [1]
  .rodata            const     0x801'0764     0x1c  main.o [1]
  .rodata            const     0x801'0780     0x1c  NBIOT.o [1]
  .rodata            const     0x801'079c     0x1c  NBIOT.o [1]
  .rodata            const     0x801'07b8     0x1c  NBIOT.o [1]
  .rodata            const     0x801'07d4     0x1c  NBIOT.o [1]
  .rodata            const     0x801'07f0     0x1c  NBIOT.o [1]
  .rodata            const     0x801'080c     0x1c  NBIOT.o [1]
  .rodata            const     0x801'0828     0x1c  NBIOT.o [1]
  .rodata            const     0x801'0844     0x1c  NBIOT.o [1]
  .rodata            const     0x801'0860     0x1c  NBIOT.o [1]
  .rodata            const     0x801'087c     0x1c  NBIOT.o [1]
  .rodata            const     0x801'0898     0x1c  NBIOT.o [1]
  .rodata            const     0x801'08b4     0x1c  NBIOT.o [1]
  .rodata            const     0x801'08d0     0x18  adc.o [1]
  .rodata            const     0x801'08e8     0x18  communication.o [1]
  .rodata            const     0x801'0900     0x18  communication.o [1]
  .rodata            const     0x801'0918     0x18  communication.o [1]
  .rodata            const     0x801'0930     0x18  communication.o [1]
  .rodata            const     0x801'0948     0x18  communication.o [1]
  .rodata            const     0x801'0960     0x18  communication.o [1]
  .rodata            const     0x801'0978     0x18  low_power_ctl.o [1]
  .rodata            const     0x801'0990     0x18  low_power_ctl.o [1]
  .rodata            const     0x801'09a8     0x18  main.o [1]
  .rodata            const     0x801'09c0     0x18  main.o [1]
  .rodata            const     0x801'09d8     0x18  main.o [1]
  .rodata            const     0x801'09f0     0x18  NBIOT.o [1]
  .rodata            const     0x801'0a08     0x18  NBIOT.o [1]
  .rodata            const     0x801'0a20     0x18  NBIOT.o [1]
  .rodata            const     0x801'0a38     0x18  NBIOT.o [1]
  .rodata            const     0x801'0a50     0x18  NBIOT.o [1]
  .rodata            const     0x801'0a68     0x18  NBIOT.o [1]
  .rodata            const     0x801'0a80     0x18  NBIOT.o [1]
  .rodata            const     0x801'0a98     0x18  NBIOT.o [1]
  .rodata            const     0x801'0ab0     0x18  NBIOT.o [1]
  .rodata            const     0x801'0ac8     0x18  Protocol.o [1]
  .text              ro code   0x801'0ae0     0x18  getchar.o [2]
  .text              ro code   0x801'0af8     0x16  xprout.o [2]
  .rodata            const     0x801'0b10     0x14  communication.o [1]
  .rodata            const     0x801'0b24     0x14  communication.o [1]
  .rodata            const     0x801'0b38     0x14  led.o [1]
  .rodata            const     0x801'0b4c     0x14  main.o [1]
  .rodata            const     0x801'0b60     0x14  main.o [1]
  .rodata            const     0x801'0b74     0x14  main.o [1]
  .rodata            const     0x801'0b88     0x14  main.o [1]
  .rodata            const     0x801'0b9c     0x14  NBIOT.o [1]
  .rodata            const     0x801'0bb0     0x14  NBIOT.o [1]
  .rodata            const     0x801'0bc4     0x14  NBIOT.o [1]
  .rodata            const     0x801'0bd8     0x14  NBIOT.o [1]
  .rodata            const     0x801'0bec     0x14  NBIOT.o [1]
  .rodata            const     0x801'0c00     0x14  NBIOT.o [1]
  .rodata            const     0x801'0c14     0x14  Protocol.o [1]
  .text              ro code   0x801'0c28     0x14  xscin.o [2]
  .rodata            const     0x801'0c3c     0x10  communication.o [1]
  .rodata            const     0x801'0c4c     0x10  communication.o [1]
  .rodata            const     0x801'0c5c     0x10  communication.o [1]
  .rodata            const     0x801'0c6c     0x10  communication.o [1]
  .rodata            const     0x801'0c7c     0x10  communication.o [1]
  .rodata            const     0x801'0c8c     0x10  NBIOT.o [1]
  .rodata            const     0x801'0c9c     0x10  NBIOT.o [1]
  .rodata            const     0x801'0cac     0x10  NBIOT.o [1]
  .rodata            const     0x801'0cbc     0x10  NBIOT.o [1]
  .rodata            const     0x801'0ccc     0x10  NBIOT.o [1]
  .rodata            const     0x801'0cdc     0x10  NBIOT.o [1]
  .rodata            const     0x801'0cec     0x10  NBIOT.o [1]
  .rodata            const     0x801'0cfc     0x10  NBIOT.o [1]
  .rodata            const     0x801'0d0c     0x10  NBIOT.o [1]
  .rodata            const     0x801'0d1c     0x10  NBIOT.o [1]
  .rodata            const     0x801'0d2c     0x10  NBIOT.o [1]
  .rodata            const     0x801'0d3c     0x10  NBIOT.o [1]
  .rodata            const     0x801'0d4c     0x10  NBIOT.o [1]
  .rodata            const     0x801'0d5c     0x10  NBIOT.o [1]
  .rodata            const     0x801'0d6c     0x10  NBIOT.o [1]
  .rodata            const     0x801'0d7c     0x10  NBIOT.o [1]
  .rodata            const     0x801'0d8c     0x10  NBIOT.o [1]
  .rodata            const     0x801'0d9c     0x10  NBIOT.o [1]
  .rodata            const     0x801'0dac     0x10  NBIOT.o [1]
  .rodata            const     0x801'0dbc     0x10  NBIOT.o [1]
  .rodata            const     0x801'0dcc     0x10  NBIOT.o [1]
  .rodata            const     0x801'0ddc     0x10  NBIOT.o [1]
  .rodata            const     0x801'0dec     0x10  system_stm32l0xx.o [1]
  .rodata            const     0x801'0dfc     0x10  xprintffull.o [2]
  .text              ro code   0x801'0e0c     0x10  startup_stm32l071xx.o [1]
  .rodata            const     0x801'0e1c      0xc  main.o [1]
  .rodata            const     0x801'0e28      0xc  main.o [1]
  .rodata            const     0x801'0e34      0xc  NBIOT.o [1]
  .rodata            const     0x801'0e40      0xc  NBIOT.o [1]
  .rodata            const     0x801'0e4c      0xc  NBIOT.o [1]
  .rodata            const     0x801'0e58      0xc  NBIOT.o [1]
  .rodata            const     0x801'0e64      0xc  NBIOT.o [1]
  .rodata            const     0x801'0e70      0xc  NBIOT.o [1]
  .rodata            const     0x801'0e7c      0xc  NBIOT.o [1]
  .rodata            const     0x801'0e88      0xc  NBIOT.o [1]
  .rodata            const     0x801'0e94      0xc  NBIOT.o [1]
  .rodata            const     0x801'0ea0      0xc  NBIOT.o [1]
  .rodata            const     0x801'0eac      0xc  NBIOT.o [1]
  .rodata            const     0x801'0eb8      0xc  NBIOT.o [1]
  .rodata            const     0x801'0ec4      0xc  NBIOT.o [1]
  .rodata            const     0x801'0ed0      0xc  NBIOT.o [1]
  .rodata            const     0x801'0edc      0xc  NBIOT.o [1]
  .rodata            const     0x801'0ee8      0xc  NBIOT.o [1]
  .rodata            const     0x801'0ef4      0xc  NBIOT.o [1]
  .rodata            const     0x801'0f00      0xc  NBIOT.o [1]
  .rodata            const     0x801'0f0c      0xc  NBIOT.o [1]
  .rodata            const     0x801'0f18      0xc  NBIOT.o [1]
  .rodata            const     0x801'0f24      0xc  NBIOT.o [1]
  .rodata            const     0x801'0f30      0xc  NBIOT.o [1]
  .rodata            const     0x801'0f3c      0xc  NBIOT.o [1]
  .rodata            const     0x801'0f48      0xc  NBIOT.o [1]
  .rodata            const     0x801'0f54      0xc  NBIOT.o [1]
  .rodata            const     0x801'0f60      0xc  NBIOT.o [1]
  .rodata            const     0x801'0f6c      0xc  NBIOT.o [1]
  .rodata            const     0x801'0f78      0xc  NBIOT.o [1]
  .rodata            const     0x801'0f84      0xc  NBIOT.o [1]
  .rodata            const     0x801'0f90      0xc  NBIOT.o [1]
  .rodata            const     0x801'0f9c      0xc  NBIOT.o [1]
  .rodata            const     0x801'0fa8      0xc  NBIOT.o [1]
  .rodata            const     0x801'0fb4      0xc  NBIOT.o [1]
  .rodata            const     0x801'0fc0      0xc  NBIOT.o [1]
  .rodata            const     0x801'0fcc      0xc  NBIOT.o [1]
  .rodata            const     0x801'0fd8      0xc  system_stm32l0xx.o [1]
  .text              ro code   0x801'0fe4      0xc  cstartup_M.o [4]
  .rodata            const     0x801'0ff0      0x8  communication.o [1]
  .rodata            const     0x801'0ff8      0x8  communication.o [1]
  .rodata            const     0x801'1000      0x8  communication.o [1]
  .rodata            const     0x801'1008      0x8  communication.o [1]
  .rodata            const     0x801'1010      0x8  communication.o [1]
  .rodata            const     0x801'1018      0x8  communication.o [1]
  .rodata            const     0x801'1020      0x8  communication.o [1]
  .rodata            const     0x801'1028      0x8  communication.o [1]
  .rodata            const     0x801'1030      0x8  communication.o [1]
  .rodata            const     0x801'1038      0x8  communication.o [1]
  .rodata            const     0x801'1040      0x8  communication.o [1]
  .rodata            const     0x801'1048      0x8  led.o [1]
  .rodata            const     0x801'1050      0x8  NBIOT.o [1]
  .rodata            const     0x801'1058      0x8  NBIOT.o [1]
  .rodata            const     0x801'1060      0x8  NBIOT.o [1]
  .rodata            const     0x801'1068      0x8  NBIOT.o [1]
  .rodata            const     0x801'1070      0x8  NBIOT.o [1]
  .rodata            const     0x801'1078      0x8  NBIOT.o [1]
  .rodata            const     0x801'1080      0x8  NBIOT.o [1]
  .rodata            const     0x801'1088      0x8  NBIOT.o [1]
  .rodata            const     0x801'1090      0x8  NBIOT.o [1]
  .rodata            const     0x801'1098      0x8  NBIOT.o [1]
  .rodata            const     0x801'10a0      0x8  NBIOT.o [1]
  .rodata            const     0x801'10a8      0x8  NBIOT.o [1]
  .rodata            const     0x801'10b0      0x8  NBIOT.o [1]
  .rodata            const     0x801'10b8      0x8  NBIOT.o [1]
  .rodata            const     0x801'10c0      0x8  system_stm32l0xx.o [1]
  .rodata            const     0x801'10c8      0x8  xscanffull.o [2]
  .rodata            const     0x801'10d0      0x6  xlocale_c.o [2]
  .rodata            const     0x801'10d6      0x0  zero_init3.o [4]
  .rodata            const     0x801'10d6      0x0  lz77_init_single.o [4]
  Initializer bytes  const     0x801'10d6    0x2b4  <for P2-1>
                             - 0x801'138a  0x112ca

"P2", part 1 of 3:                           0x506
  P2-1                        0x2000'0000    0x506  <Init block>
    .data            inited   0x2000'0000     0x18  ADCDriver.o [1]
    .data            inited   0x2000'0018     0x3c  battery.o [1]
    .data            inited   0x2000'0054     0xd0  communication.o [1]
    .data            inited   0x2000'0124      0x8  communication.o [1]
    .data            inited   0x2000'012c      0x4  duart.o [1]
    .data            inited   0x2000'0130     0x18  duart.o [1]
    .data            inited   0x2000'0148     0x18  EEPROM.o [1]
    .data            inited   0x2000'0160      0x8  EEPROM.o [1]
    .data            inited   0x2000'0168      0x8  EEPROM.o [1]
    .data            inited   0x2000'0170     0x18  led.o [1]
    .data            inited   0x2000'0188     0x28  led.o [1]
    .data            inited   0x2000'01b0     0x10  musart.o [1]
    .data            inited   0x2000'01c0    0x174  NBIOT.o [1]
    .data            inited   0x2000'0334     0x6c  NBIOT.o [1]
    .data            inited   0x2000'03a0     0x18  NBIOT.o [1]
    .data            inited   0x2000'03b8     0x80  Protocol.o [1]
    .data            inited   0x2000'0438      0x4  system_stm32l0xx.o [1]
    .data            inited   0x2000'043c     0x38  xlocale_c.o [2]
    .data            inited   0x2000'0474     0x48  xlocale_c.o [2]
    .data            inited   0x2000'04bc     0x48  xfiles.o [2]
    .data            inited   0x2000'0504      0x1  main.o [1]
    .data            inited   0x2000'0505      0x1  SrvIODeviceItem.o [1]
                            - 0x2000'0506    0x506

"P2", part 2 of 3:                          0x1740
  .bss               zero     0x2000'0508    0x7d0  ADCDriver.o [1]
  .bss               zero     0x2000'0cd8    0x200  NBIOT.o [1]
  .bss               zero     0x2000'0ed8    0x1f4  NBIOT.o [1]
  .bss               zero     0x2000'10cc    0x1f4  NBIOT.o [1]
  .bss               zero     0x2000'12c0    0x1f4  usart.o [1]
  .bss               zero     0x2000'14b4    0x100  communication.o [1]
  .bss               zero     0x2000'15b4    0x100  NBIOT.o [1]
  .bss               zero     0x2000'16b4     0xa4  common_interface.o [1]
  .bss               zero     0x2000'1758     0x80  NBIOT.o [1]
  .bss               zero     0x2000'17d8     0x70  usart.o [1]
  .bss               zero     0x2000'1848     0x70  usart.o [1]
  .bss               zero     0x2000'18b8     0x60  adc.o [1]
  .bss               zero     0x2000'1918     0x40  adc.o [1]
  .bss               zero     0x2000'1958     0x40  NBIOT.o [1]
  .bss               zero     0x2000'1998     0x38  tim.o [1]
  .bss               zero     0x2000'19d0     0x38  tim.o [1]
  .bss               zero     0x2000'1a08     0x38  tim.o [1]
  .bss               zero     0x2000'1a40     0x38  tim.o [1]
  .bss               zero     0x2000'1a78     0x30  lptim.o [1]
  .bss               zero     0x2000'1aa8     0x18  stm32l0xx_hal_flash.o [1]
  .bss               zero     0x2000'1ac0     0x14  ADCDriver.o [1]
  .bss               zero     0x2000'1ad4     0x14  duart.o [1]
  .bss               zero     0x2000'1ae8     0x14  EEPROM.o [1]
  .bss               zero     0x2000'1afc     0x14  EEPROM.o [1]
  .bss               zero     0x2000'1b10     0x14  led.o [1]
  .bss               zero     0x2000'1b24     0x14  NBIOT.o [1]
  .bss               zero     0x2000'1b38     0x10  ADCDriver.o [1]
  .bss               zero     0x2000'1b48     0x10  duart.o [1]
  .bss               zero     0x2000'1b58     0x10  EEPROM.o [1]
  .bss               zero     0x2000'1b68     0x10  EEPROM.o [1]
  .bss               zero     0x2000'1b78     0x10  led.o [1]
  .bss               zero     0x2000'1b88     0x10  NBIOT.o [1]
  .bss               zero     0x2000'1b98     0x10  SrvIODeviceItem.o [1]
  .bss               zero     0x2000'1ba8      0xc  IOChannelManage.o [1]
  .bss               zero     0x2000'1bb4      0xc  IOChannelManage.o [1]
  .bss               zero     0x2000'1bc0      0xc  IOChannelManage.o [1]
  .bss               zero     0x2000'1bcc      0xc  IOChannelManage.o [1]
  .bss               zero     0x2000'1bd8      0xc  IOChannelManage.o [1]
  .bss               zero     0x2000'1be4      0xc  IOChannelManage.o [1]
  .bss               zero     0x2000'1bf0      0xc  IOChannelManage.o [1]
  .bss               zero     0x2000'1bfc      0xc  IOChannelManage.o [1]
  .bss               zero     0x2000'1c08      0x4  communication.o [1]
  .bss               zero     0x2000'1c0c      0x4  communication.o [1]
  .bss               zero     0x2000'1c10      0x4  IOChannelManage.o [1]
  .bss               zero     0x2000'1c14      0x4  main.o [1]
  .bss               zero     0x2000'1c18      0x4  main.o [1]
  .bss               zero     0x2000'1c1c      0x4  NBIOT.o [1]
  .bss               zero     0x2000'1c20      0x4  stm32l0xx_hal.o [1]
  .bss               zero     0x2000'1c24      0x4  tim.o [1]
  .bss               zero     0x2000'1c28      0x4  usart.o [1]
  .bss               zero     0x2000'1c2c      0x4  usart.o [1]
  .bss               zero     0x2000'1c30      0x4  xfail_s.o [2]
  .bss               zero     0x2000'1c34      0x4  no_free_heap0.o [2]
  .bss               zero     0x2000'1c38      0x4  xgetmemchunk.o [2]
  .bss               zero     0x2000'1c3c      0x2  IOChannelManage.o [1]
  .bss               zero     0x2000'1c3e      0x2  main.o [1]
  .bss               zero     0x2000'1c40      0x2  main.o [1]
  .bss               zero     0x2000'1c42      0x1  duart.o [1]
  .bss               zero     0x2000'1c43      0x1  duart.o [1]
  .bss               zero     0x2000'1c44      0x1  duart.o [1]
  .bss               zero     0x2000'1c45      0x1  IOChannelManage.o [1]
                            - 0x2000'1c46   0x173e

"P2", part 3 of 3:                           0x600
  CSTACK                      0x2000'1c48    0x400  <Block>
    CSTACK           uninit   0x2000'1c48    0x400  <Block tail>
  HEAP                        0x2000'2048    0x200  <Block>
    HEAP             uninit   0x2000'2048    0x200  <Block tail>
                            - 0x2000'2248    0x600

Unused ranges:

         From           To    Size
         ----           --    ----
   0x801'138a   0x801'bfff  0xac76
  0x2000'0506  0x2000'0507     0x2
  0x2000'2248  0x2000'4fff  0x2db8


*******************************************************************************
*** INIT TABLE
***

          Address      Size
          -------      ----
Zero (__iar_zero_init3)
    1 destination range, total size 0x173e:
          0x2000'0508  0x173e

Copy/lz77 (__iar_lz77_init_single3)
    1 source range, total size 0x2b4 (53% of destination):
           0x801'10d6   0x2b4
    1 destination range, total size 0x506:
          0x2000'0000   0x506



*******************************************************************************
*** MODULE SUMMARY
***

    Module                    ro code  ro data  rw data
    ------                    -------  -------  -------
command line/config:
    ---------------------------------------------------
    Total:

F:\CS-iTDTU-01\code\Project\EWARM\CS-iTDTU-01\Obj: [1]
    ADCDriver.o                   596      124    2 060
    EEPROM.o                      364       22      112
    IOChannelManage.o           1 672      316      103
    NBIOT.o                     7 252    3 111    2 504
    Protocol.o                  3 156    1 977      128
    SrvIODevice.o                 376
    SrvIODeviceItem.o             104                17
    SrvList.o                      78
    adc.o                         424       72      160
    battery.o                     352       89       60
    character_convert.o           640      248
    common_interface.o          1 416    1 276      164
    communication.o             3 132    3 490      480
    dma.o                          52
    duart.o                       500       15       67
    gpio.o                        164
    led.o                         824       62      100
    low_power_ctl.o               472       80
    lptim.o                       164       52       48
    main.o                      2 412    1 753       13
    musart.o                      176       97       16
    product_protocol.o            396
    startup_stm32l071xx.o         244
    stm32l0xx_hal.o               124                 4
    stm32l0xx_hal_adc.o         1 902
    stm32l0xx_hal_adc_ex.o        204
    stm32l0xx_hal_cortex.o        354
    stm32l0xx_hal_dma.o         2 196
    stm32l0xx_hal_flash.o         344                24
    stm32l0xx_hal_flash_ex.o      184
    stm32l0xx_hal_gpio.o          952
    stm32l0xx_hal_lptim.o         512
    stm32l0xx_hal_msp.o            76
    stm32l0xx_hal_pwr.o            88
    stm32l0xx_hal_pwr_ex.o         36
    stm32l0xx_hal_rcc.o         2 248
    stm32l0xx_hal_rcc_ex.o      1 160
    stm32l0xx_hal_tim.o           992
    stm32l0xx_hal_tim_ex.o         92
    stm32l0xx_hal_uart.o        2 816
    stm32l0xx_hal_uart_ex.o         2
    stm32l0xx_it.o                132
    system_stm32l0xx.o            128       38        4
    tim.o                       1 116      100      228
    usart.o                       964       52      732
    ---------------------------------------------------
    Total:                     41 588   12 974    7 024

dl6M_tlf.a: [2]
    abort.o                        10
    exit.o                          8
    fgetc.o                        86
    getchar.o                      24
    iar_Stoflt.o                  480
    iar_Stollx.o                  168
    iar_Stopfx.o                  280
    iar_Stoullx.o                 414       80
    iar_Stoulx.o                  348       80
    iar_Stoxflt.o                 564
    isalpha.o                      18
    isspace.o                      18
    low_level_init.o                4
    no_free_heap0.o                76                 4
    printf.o                       40
    scanf.o                        40
    sprintf.o                      64
    strstr.o                       50
    tolower.o                      18
    ungetc.o                       96
    wctob.o                        56
    xencoding_8859_1.o             36
    xfail_s.o                      72                 4
    xfiles.o                                38       72
    xfrprep.o                     208
    xgetmemchunk.o                 44                 4
    xlocale_c.o                   288       75      128
    xmbcurmax.o                    10
    xprintffull.o               4 082       16
    xprout.o                       22
    xscanffull.o                3 932      124
    xscin.o                        20
    xsprout.o                      10
    ---------------------------------------------------
    Total:                     11 586      413      212

m6M_tl.a: [3]
    DblAddSub.o                   436
    DblCmpGe.o                     50
    DblCmpLe.o                     50
    DblDiv.o                      194
    DblMul.o                      388
    DblToFlt.o                     98
    DblToI32.o                     82
    FltCmpGe.o                     40
    FltCmpLe.o                     38
    FltMul.o                      176
    FltToDbl.o                     50
    FltToS32.o                     58
    IxxToDbl.o                     52
    strto64.o                     996       72
    ---------------------------------------------------
    Total:                      2 708       72

rt6M_tl.a: [4]
    ABImemcpy.o                    78
    ABImemmove.o                   32
    ABImemset.o                    82
    I32DivModFast.o               224
    I64DivMod.o                   106
    I64DivZer.o                     2
    I64Mul.o                       50
    IntDivZer.o                     2
    cexit.o                        10
    cmain.o                        30
    cstartup_M.o                   12
    data_init.o                    40
    lz77_init_single.o            126
    memchr.o                       22
    strchr.o                       18
    strlen.o                       14
    strncpy.o                     192
    uread4.o                       22
    uwrite4.o                      20
    zero_init3.o                   60
    ---------------------------------------------------
    Total:                      1 142

shb_l.a: [5]
    exit.o                         20
    ---------------------------------------------------
    Total:                         20

    Gaps                                     2
    Linker created                          33    1 536
-------------------------------------------------------
    Grand Total:               57 044   13 494    8 772


*******************************************************************************
*** ENTRY LIST
***

Entry                       Address   Size  Type      Object
-----                       -------   ----  ----      ------
.iar.init_table$$Base    0x801'0324          --   Gb  - Linker created -
.iar.init_table$$Limit   0x801'0344          --   Gb  - Linker created -
?main                    0x801'05a5         Code  Gb  cmain.o [4]
ADC_ConversionStop       0x800'b131   0x5a  Code  Lc  stm32l0xx_hal_adc.o [1]
ADC_DMAConvCplt          0x800'b18b   0x7a  Code  Lc  stm32l0xx_hal_adc.o [1]
ADC_DMAError             0x800'b21f   0x1e  Code  Lc  stm32l0xx_hal_adc.o [1]
ADC_DMAHalfConvCplt      0x800'b211    0xe  Code  Lc  stm32l0xx_hal_adc.o [1]
ADC_DelayMicroSecond     0x800'b23d   0x22  Code  Lc  stm32l0xx_hal_adc.o [1]
ADC_Disable              0x800'b0a9   0x88  Code  Lc  stm32l0xx_hal_adc.o [1]
ADC_Enable               0x800'b01d   0x86  Code  Lc  stm32l0xx_hal_adc.o [1]
ADC_configure            0x800'749d   0x10  Code  Gb  ADCDriver.o [1]
AHBPrescTable            0x801'0dec   0x10  Data  Gb  system_stm32l0xx.o [1]
APBPrescTable            0x801'10c0    0x8  Data  Gb  system_stm32l0xx.o [1]
AnalogAlarmReportProc    0x800'2f01   0xe6  Code  Gb  main.o [1]
AnalogAlarmReportProc::u16LastDeviceState
                        0x2000'1c40    0x2  Data  Lc  main.o [1]
AnalogCHCollector        0x800'd6e1  0x17c  Code  Lc  IOChannelManage.o [1]
AnalogCHPowerCtrlInit    0x800'd647   0x3a  Code  Lc  IOChannelManage.o [1]
AnalogChannel1Init       0x800'd4bb   0x50  Code  Lc  IOChannelManage.o [1]
AnalogChannel2Init       0x800'd50b   0x50  Code  Lc  IOChannelManage.o [1]
AnalogChannelSampleProc
                         0x800'2c55   0x6a  Code  Gb  main.o [1]
AnalogInputTypeInit      0x800'd8bd   0x68  Code  Lc  IOChannelManage.o [1]
BatParaCalculate         0x800'7257   0x7e  Code  Gb  battery.o [1]
BatPerMatrix            0x2000'0018   0x3c  Data  Lc  battery.o [1]
CRC16                    0x800'4425   0x4c  Code  Gb  Protocol.o [1]
CSTACK$$Base            0x2000'1c48          --   Gb  - Linker created -
CSTACK$$Limit           0x2000'2048          --   Gb  - Linker created -
CacheMore                0x800'a1d1   0x28  Code  Lc  xlocale_c.o [2]
CalculateBatPer          0x800'71d1   0x86  Code  Lc  battery.o [1]
Char2Hex                 0x800'351f   0x74  Code  Gb  character_convert.o [1]
Com_Init                 0x800'799d   0x12  Code  Gb  communication.o [1]
Com_process              0x800'7a1f   0x3e  Code  Gb  communication.o [1]
CongifModulerUart        0x800'010b   0x22  Code  Lc  NBIOT.o [1]
DMA1_Channel1_IRQHandler
                         0x800'dd33    0xa  Code  Gb  stm32l0xx_it.o [1]
DMA_SetConfig            0x800'a0cd   0x20  Code  Lc  stm32l0xx_hal_dma.o [1]
DOChannelOutput          0x800'da05   0x24  Code  Gb  IOChannelManage.o [1]
DigitalCHCollector       0x800'd86d   0x4c  Code  Lc  IOChannelManage.o [1]
DigitalChannelSampleProc
                         0x800'2cd5   0x6a  Code  Gb  main.o [1]
DigitalInputCh1Init      0x800'd55b   0x4c  Code  Lc  IOChannelManage.o [1]
DigitalInputCh2Init      0x800'd5a7   0x4c  Code  Lc  IOChannelManage.o [1]
DigitalInputStateChangeReport
                         0x800'2e39   0x8a  Code  Gb  main.o [1]
DigitalOutPutCh1Init     0x800'd5f3   0x44  Code  Lc  IOChannelManage.o [1]
Dtentox                  0x800'cbad  0x190  Code  Lc  strto64.o [3]
DuartEnableIt            0x800'78a9   0x14  Code  Gb  duart.o [1]
DuartMenuState          0x2000'1c42    0x1  Data  Gb  duart.o [1]
EEPROM_configure         0x800'7331   0x1c  Code  Gb  EEPROM.o [1]
EXTI0_1_IRQHandler       0x800'dd47   0x16  Code  Gb  stm32l0xx_it.o [1]
EXTI2_3_IRQHandler       0x800'dd5d   0x32  Code  Gb  stm32l0xx_it.o [1]
EventIrqFlag            0x2000'1c3c    0x2  Data  Lc  IOChannelManage.o [1]
FLASH_SetErrorCode       0x800'b735   0xcc  Code  Lc  stm32l0xx_hal_flash.o [1]
FLASH_WaitForLastOperation
                         0x800'b6b1   0x7e  Code  Gb  stm32l0xx_hal_flash.o [1]
FeedDog                  0x800'29c5    0x8  Code  Gb  main.o [1]
GetAnalogType            0x800'd925    0x6  Code  Gb  IOChannelManage.o [1]
GetBatPerMatrix          0x800'7199   0x38  Code  Lc  battery.o [1]
GetDIChannelLevel        0x800'da2d   0x32  Code  Gb  IOChannelManage.o [1]
GetDIIrqFlag             0x800'd9d5   0x2a  Code  Gb  IOChannelManage.o [1]
GetInsideStr             0x800'3643   0xb8  Code  Gb  character_convert.o [1]
GetModulerPsmState       0x800'85cd   0x5a  Code  Gb  low_power_ctl.o [1]
GetNBIOTModulerPara      0x800'2ff9   0x86  Code  Gb  main.o [1]
GetStrVale               0x800'3593   0xb0  Code  Gb  character_convert.o [1]
HAL_ADCEx_Calibration_Start
                         0x800'b809   0xc8  Code  Gb  stm32l0xx_hal_adc_ex.o [1]
HAL_ADC_ConfigChannel    0x800'af4d   0xb8  Code  Gb  stm32l0xx_hal_adc.o [1]
HAL_ADC_DeInit           0x800'ad15   0xca  Code  Gb  stm32l0xx_hal_adc.o [1]
HAL_ADC_Init             0x800'ab09  0x20c  Code  Gb  stm32l0xx_hal_adc.o [1]
HAL_ADC_MspDeInit        0x800'aaab   0x26  Code  Gb  adc.o [1]
HAL_ADC_MspInit          0x800'aa45   0x66  Code  Gb  adc.o [1]
HAL_ADC_Start_DMA        0x800'ae11   0xaa  Code  Gb  stm32l0xx_hal_adc.o [1]
HAL_ADC_Stop_DMA         0x800'aebd   0x90  Code  Gb  stm32l0xx_hal_adc.o [1]
HAL_DMA_Abort            0x800'9caf   0x54  Code  Gb  stm32l0xx_hal_dma.o [1]
HAL_DMA_Abort_IT         0x800'9d03   0xa6  Code  Gb  stm32l0xx_hal_dma.o [1]
HAL_DMA_DeInit           0x800'99dd  0x248  Code  Gb  stm32l0xx_hal_dma.o [1]
HAL_DMA_IRQHandler       0x800'9de9  0x2d0  Code  Gb  stm32l0xx_hal_dma.o [1]
HAL_DMA_Init             0x800'9859  0x14c  Code  Gb  stm32l0xx_hal_dma.o [1]
HAL_DMA_Start_IT         0x800'9c41   0x6e  Code  Gb  stm32l0xx_hal_dma.o [1]
HAL_Delay                0x800'72f9   0x18  Code  Wk  stm32l0xx_hal.o [1]
HAL_FLASHEx_DATAEEPROM_Lock
                         0x800'a893   0x10  Code  Gb  stm32l0xx_hal_flash_ex.o [1]
HAL_FLASHEx_DATAEEPROM_Program
                         0x800'a8a3   0x72  Code  Gb  stm32l0xx_hal_flash_ex.o [1]
HAL_FLASHEx_DATAEEPROM_Unlock
                         0x800'a875   0x1e  Code  Gb  stm32l0xx_hal_flash_ex.o [1]
HAL_GPIO_DeInit          0x800'4685  0x15a  Code  Gb  stm32l0xx_hal_gpio.o [1]
HAL_GPIO_Init            0x800'4495  0x1f0  Code  Gb  stm32l0xx_hal_gpio.o [1]
HAL_GPIO_ReadPin         0x800'47e9   0x1a  Code  Gb  stm32l0xx_hal_gpio.o [1]
HAL_GPIO_TogglePin       0x800'481d    0xc  Code  Gb  stm32l0xx_hal_gpio.o [1]
HAL_GPIO_WritePin        0x800'4803   0x1a  Code  Gb  stm32l0xx_hal_gpio.o [1]
HAL_GetTick              0x800'984d    0xc  Code  Wk  stm32l0xx_hal.o [1]
HAL_IncTick              0x800'dda1   0x10  Code  Wk  stm32l0xx_hal.o [1]
HAL_Init                 0x800'7311   0x1c  Code  Gb  stm32l0xx_hal.o [1]
HAL_InitTick             0x800'a801   0x28  Code  Wk  stm32l0xx_hal.o [1]
HAL_LPTIM_CompareMatchCallback
                         0x800'7953   0x16  Code  Gb  lptim.o [1]
HAL_LPTIM_IRQHandler     0x800'b385   0xd2  Code  Gb  stm32l0xx_hal_lptim.o [1]
HAL_LPTIM_Init           0x800'b271   0x9a  Code  Gb  stm32l0xx_hal_lptim.o [1]
HAL_LPTIM_MspInit        0x800'791f   0x2a  Code  Gb  lptim.o [1]
HAL_LPTIM_TimeOut_Start_IT
                         0x800'b319   0x6c  Code  Gb  stm32l0xx_hal_lptim.o [1]
HAL_MspInit              0x800'a829   0x42  Code  Gb  stm32l0xx_hal_msp.o [1]
HAL_NVIC_DisableIRQ      0x800'4d7f    0xe  Code  Gb  stm32l0xx_hal_cortex.o [1]
HAL_NVIC_EnableIRQ       0x800'4d71    0xe  Code  Gb  stm32l0xx_hal_cortex.o [1]
HAL_NVIC_SetPriority     0x800'4d5d   0x14  Code  Gb  stm32l0xx_hal_cortex.o [1]
HAL_PWREx_EnableFastWakeUp
                         0x800'b65d   0x10  Code  Gb  stm32l0xx_hal_pwr_ex.o [1]
HAL_PWREx_EnableUltraLowPower
                         0x800'b66d   0x10  Code  Gb  stm32l0xx_hal_pwr_ex.o [1]
HAL_PWR_EnableBkUpAccess
                         0x800'879d   0x10  Code  Gb  stm32l0xx_hal_pwr.o [1]
HAL_PWR_EnterSTOPMode    0x800'87ad   0x3e  Code  Gb  stm32l0xx_hal_pwr.o [1]
HAL_RCCEx_GetPeriphCLKFreq
                         0x800'92c5  0x258  Code  Gb  stm32l0xx_hal_rcc_ex.o [1]
HAL_RCCEx_PeriphCLKConfig
                         0x800'90bd  0x1d2  Code  Gb  stm32l0xx_hal_rcc_ex.o [1]
HAL_RCC_ClockConfig      0x800'8d49  0x1aa  Code  Gb  stm32l0xx_hal_rcc.o [1]
HAL_RCC_GetHCLKFreq      0x800'8fb7    0x6  Code  Gb  stm32l0xx_hal_rcc.o [1]
HAL_RCC_GetPCLK1Freq     0x800'8fbd   0x18  Code  Gb  stm32l0xx_hal_rcc.o [1]
HAL_RCC_GetPCLK2Freq     0x800'8fd9   0x18  Code  Gb  stm32l0xx_hal_rcc.o [1]
HAL_RCC_GetSysClockFreq
                         0x800'8f0d   0xaa  Code  Gb  stm32l0xx_hal_rcc.o [1]
HAL_RCC_OscConfig        0x800'87f5  0x532  Code  Gb  stm32l0xx_hal_rcc.o [1]
HAL_SYSTICK_CLKSourceConfig
                         0x800'4d99   0x22  Code  Gb  stm32l0xx_hal_cortex.o [1]
HAL_SYSTICK_Config       0x800'4d8d    0xc  Code  Gb  stm32l0xx_hal_cortex.o [1]
HAL_SYSTICK_IRQHandler   0x800'4dbb    0x8  Code  Gb  stm32l0xx_hal_cortex.o [1]
HAL_TIMEx_MasterConfigSynchronization
                         0x800'4c25   0x5c  Code  Gb  stm32l0xx_hal_tim_ex.o [1]
HAL_TIM_Base_Init        0x800'484d   0x38  Code  Gb  stm32l0xx_hal_tim.o [1]
HAL_TIM_Base_MspInit     0x800'1f1d   0x9e  Code  Gb  tim.o [1]
HAL_TIM_Base_Start_IT    0x800'4885   0x1e  Code  Gb  stm32l0xx_hal_tim.o [1]
HAL_TIM_ConfigClockSource
                         0x800'49e9  0x122  Code  Gb  stm32l0xx_hal_tim.o [1]
HAL_TIM_IRQHandler       0x800'48a3  0x146  Code  Gb  stm32l0xx_hal_tim.o [1]
HAL_TIM_PeriodElapsedCallback
                         0x800'2131   0x1e  Code  Gb  tim.o [1]
HAL_UARTEx_WakeupCallback
                         0x800'a0f1    0x2  Code  Wk  stm32l0xx_hal_uart_ex.o [1]
HAL_UART_DeInit          0x800'5565   0x50  Code  Gb  stm32l0xx_hal_uart.o [1]
HAL_UART_IRQHandler      0x800'5789  0x154  Code  Gb  stm32l0xx_hal_uart.o [1]
HAL_UART_Init            0x800'54e1   0x7e  Code  Gb  stm32l0xx_hal_uart.o [1]
HAL_UART_MspDeInit       0x800'52fb   0x78  Code  Gb  usart.o [1]
HAL_UART_MspInit         0x800'5209   0xf2  Code  Gb  usart.o [1]
HAL_UART_Receive_IT      0x800'56a7   0xde  Code  Gb  stm32l0xx_hal_uart.o [1]
HAL_UART_RxCpltCallback
                         0x800'7821   0x12  Code  Gb  duart.o [1]
HAL_UART_Transmit        0x800'55b5   0xf2  Code  Gb  stm32l0xx_hal_uart.o [1]
HEAP$$Base              0x2000'2048          --   Gb  - Linker created -
HEAP$$Limit             0x2000'2248          --   Gb  - Linker created -
HardFault_Handler        0x800'dd1f    0x4  Code  Gb  stm32l0xx_it.o [1]
Hex2Char                 0x800'3499   0x86  Code  Gb  character_convert.o [1]
IOChannel                0x801'072c   0x1c  Data  Gb  IOChannelManage.o [1]
IOChannelCollector       0x800'd965   0x40  Code  Gb  IOChannelManage.o [1]
IOChannelExist           0x800'd409   0x20  Code  Lc  IOChannelManage.o [1]
IOChannelHead           0x2000'1ba8    0xc  Data  Lc  IOChannelManage.o [1]
IOChannelInitialize      0x800'd93d   0x28  Code  Gb  IOChannelManage.o [1]
IOChannelListInit        0x800'd3fd    0xc  Code  Lc  IOChannelManage.o [1]
IOChannelListInsert      0x800'd429   0x36  Code  Lc  IOChannelManage.o [1]
IOChannelRegister        0x800'd45f   0x5c  Code  Lc  IOChannelManage.o [1]
IOChannelRegister::First
                        0x2000'1c45    0x1  Data  Lc  IOChannelManage.o [1]
IWDG_Init                0x800'2aeb   0x24  Code  Gb  main.o [1]
LL_LPUART_ClearFlag_WKUP
                         0x800'76fd    0x8  Code  Lc  duart.o [1]
LL_LPUART_ClearFlag_WKUP
                         0x800'85c5    0x8  Code  Lc  low_power_ctl.o [1]
LL_LPUART_EnableIT_WKUP
                         0x800'5133    0xc  Code  Lc  usart.o [1]
LL_LPUART_EnableInStopMode
                         0x800'511d    0xa  Code  Lc  usart.o [1]
LL_LPUART_IsActiveFlag_WKUP
                         0x800'76f1    0xc  Code  Lc  duart.o [1]
LL_LPUART_IsEnabledIT_WKUP
                         0x800'7705    0xc  Code  Lc  duart.o [1]
LL_LPUART_SetWKUPType    0x800'5127    0xc  Code  Lc  usart.o [1]
LPTIM1_IRQHandler        0x800'7949    0xa  Code  Gb  lptim.o [1]
LPUART1_IRQHandler       0x800'77ab   0x76  Code  Gb  duart.o [1]
LPUART1_IRQHandler::temp
                        0x2000'1c44    0x1  Data  Lc  duart.o [1]
LedCtrlTimeoutCallback   0x800'5115    0x8  Code  Gb  led.o [1]
LedFreqTab               0x801'1048    0x8  Data  Gb  led.o [1]
Led_SetWorkMode          0x800'2909   0x74  Code  Gb  common_interface.o [1]
LoadInt                  0x800'6219   0x74  Code  Lc  xprintffull.o [2]
Low_Power_Enter          0x800'8627   0xe8  Code  Gb  low_power_ctl.o [1]
Low_Power_Exit           0x800'870f   0x36  Code  Gb  low_power_ctl.o [1]
MX_ADC_Init              0x800'a961   0xe4  Code  Gb  adc.o [1]
MX_DMA_Init              0x800'a92d   0x34  Code  Gb  dma.o [1]
MX_GPIO_Init             0x800'2399   0x58  Code  Gb  gpio.o [1]
MX_LPTIM1_Init           0x800'78e5   0x3a  Code  Gb  lptim.o [1]
MX_LPUART1_UART_Init     0x800'513f   0x5e  Code  Gb  usart.o [1]
MX_TIM21_Init            0x800'1d99   0x6e  Code  Gb  tim.o [1]
MX_TIM22_Init            0x800'1e07   0x70  Code  Gb  tim.o [1]
MX_TIM2_Init             0x800'1d29   0x70  Code  Gb  tim.o [1]
MX_TIM6_Init             0x800'1e77   0x62  Code  Gb  tim.o [1]
MX_USART1_UART_Init      0x800'519d   0x6c  Code  Gb  usart.o [1]
ModuleCmdProcessBuf     0x2000'10cc  0x1f4  Data  Gb  NBIOT.o [1]
ModuleDownLinkMsgProc    0x800'1985  0x1f0  Code  Gb  NBIOT.o [1]
ModulerSendMsg           0x800'27f1  0x10a  Code  Gb  common_interface.o [1]
ModulerSendResponseMsg   0x800'2761   0x70  Code  Gb  common_interface.o [1]
ModulerUartDisable       0x800'00f3   0x18  Code  Lc  NBIOT.o [1]
ModulerUartEnable        0x800'00db   0x18  Code  Lc  NBIOT.o [1]
MuartDeinit              0x800'217b   0x26  Code  Gb  musart.o [1]
MuartInit                0x800'2171    0xa  Code  Gb  musart.o [1]
MuartRevdFrameProcRegister
                         0x800'21c3   0x3e  Code  Gb  musart.o [1]
MuartSend                0x800'21a1   0x22  Code  Gb  musart.o [1]
NBtextBuf               0x2000'15b4  0x100  Data  Lc  NBIOT.o [1]
NMI_Handler              0x800'dd1d    0x2  Code  Gb  stm32l0xx_it.o [1]
NVIC_DisableIRQ          0x800'4c8f    0xe  Code  Lc  stm32l0xx_hal_cortex.o [1]
NVIC_EnableIRQ           0x800'4c81    0xe  Code  Lc  stm32l0xx_hal_cortex.o [1]
NVIC_SetPriority         0x800'4c9d   0x8e  Code  Lc  stm32l0xx_hal_cortex.o [1]
NVIC_SystemReset         0x800'7989   0x14  Code  Lc  communication.o [1]
NVIC_SystemReset         0x800'3841   0x14  Code  Lc  Protocol.o [1]
NVIC_SystemReset         0x800'1d15   0x14  Code  Lc  tim.o [1]
NbGetSocketState         0x800'01cb    0x8  Code  Gb  NBIOT.o [1]
NbiotAtCommandSend       0x800'0bbd  0x11a  Code  Gb  NBIOT.o [1]
NbiotCfunQryResponse     0x800'123d   0x74  Code  Lc  NBIOT.o [1]
NbiotCgsnResponse        0x800'17f9   0x7a  Code  Lc  NBIOT.o [1]
NbiotCheckCsq            0x800'09ad   0x28  Code  Lc  NBIOT.o [1]
NbiotCheckIPStatus       0x800'0d95   0x2e  Code  Lc  NBIOT.o [1]
NbiotCheckSimState       0x800'0a69   0x4a  Code  Lc  NBIOT.o [1]
NbiotCheckUartState      0x800'09d9   0x48  Code  Lc  NBIOT.o [1]
NbiotClearRcvBuffer      0x800'08ed   0x1c  Code  Lc  NBIOT.o [1]
NbiotCloseTcpSocket      0x800'0d39   0x28  Code  Lc  NBIOT.o [1]
NbiotCloseWindow         0x800'02a5   0xe6  Code  Gb  NBIOT.o [1]
NbiotConnectPlatform     0x800'054b   0x48  Code  Lc  NBIOT.o [1]
NbiotCopyDataToRcvBuff   0x800'08c1   0x24  Code  Lc  NBIOT.o [1]
NbiotCreatePPPLink       0x800'04f7   0x54  Code  Lc  NBIOT.o [1]
NbiotDetachModule        0x800'0239   0x6c  Code  Gb  NBIOT.o [1]
NbiotDisablePSM          0x800'1c65   0x36  Code  Lc  NBIOT.o [1]
NbiotEnablePSM           0x800'1c2d   0x32  Code  Lc  NBIOT.o [1]
NbiotGPIOCtrlInit        0x800'1b7d   0x5c  Code  Lc  NBIOT.o [1]
NbiotGetCmdAckState      0x800'11c9    0xe  Code  Lc  NBIOT.o [1]
NbiotGetPsmState         0x800'00d5    0x6  Code  Gb  NBIOT.o [1]
NbiotGetRcvBuffer        0x800'0909    0x4  Code  Lc  NBIOT.o [1]
NbiotGetRcvBufferLen     0x800'090d    0x6  Code  Lc  NBIOT.o [1]
NbiotHwReset             0x800'1bd9   0x20  Code  Lc  NBIOT.o [1]
NbiotIPStatusResponse    0x800'190d   0x40  Code  Lc  NBIOT.o [1]
NbiotModulerEnable       0x800'096d   0x3c  Code  Lc  NBIOT.o [1]
NbiotNCDPOpen            0x800'05e1   0x7c  Code  Lc  NBIOT.o [1]
NbiotNetAttach           0x800'0ab3   0x4c  Code  Lc  NBIOT.o [1]
NbiotNetHandle           0x800'0919   0x54  Code  Lc  NBIOT.o [1]
NbiotNetReg              0x800'0b05   0x42  Code  Lc  NBIOT.o [1]
NbiotNnmigResponse       0x800'1599   0xb4  Code  Lc  NBIOT.o [1]
NbiotPWK                 0x800'1ca5   0x24  Code  Lc  NBIOT.o [1]
NbiotQryCSQResponse      0x800'0f75   0x76  Code  Lc  NBIOT.o [1]
NbiotQryCeregResponse    0x800'133d   0x64  Code  Lc  NBIOT.o [1]
NbiotQryCgattResponse    0x800'12bd   0x74  Code  Lc  NBIOT.o [1]
NbiotRcvErrorResponse    0x800'1559   0x34  Code  Lc  NBIOT.o [1]
NbiotRcvOkResponse       0x800'14c9   0x86  Code  Lc  NBIOT.o [1]
NbiotReadEcl             0x800'0ff1   0x28  Code  Lc  NBIOT.o [1]
NbiotReadImei            0x800'1019   0x38  Code  Lc  NBIOT.o [1]
NbiotReadImsi            0x800'1059   0x42  Code  Lc  NBIOT.o [1]
NbiotReadRssi            0x800'0f4b   0x2a  Code  Lc  NBIOT.o [1]
NbiotSearchNetWork       0x800'03a9   0xfa  Code  Lc  NBIOT.o [1]
NbiotSendData            0x800'0de1  0x16a  Code  Lc  NBIOT.o [1]
NbiotSetCmdAckState      0x800'11af   0x14  Code  Lc  NBIOT.o [1]
NbiotSetNsorfResponse    0x800'13bd  0x100  Code  Lc  NBIOT.o [1]
NbiotSetPSMState         0x800'04b5   0x42  Code  Lc  NBIOT.o [1]
NbiotSetRecvMode         0x800'0d11   0x28  Code  Lc  NBIOT.o [1]
NbiotSetTcpLink          0x800'0d65   0x28  Code  Lc  NBIOT.o [1]
NbiotTCPMode             0x800'065d   0x46  Code  Lc  NBIOT.o [1]
NbiotTcpCloseResponse    0x800'18ad   0x26  Code  Lc  NBIOT.o [1]
NbiotTcpInitSocket       0x800'0cd7   0x36  Code  Lc  NBIOT.o [1]
NbiotTcpSetUpResponse    0x800'18d9   0x30  Code  Lc  NBIOT.o [1]
NbiotTcprecvResponse     0x800'1719   0xcc  Code  Lc  NBIOT.o [1]
NbiotTeleComDev          0x800'0599   0x44  Code  Lc  NBIOT.o [1]
NbiotTuestatsResponse    0x800'10bd   0xf2  Code  Lc  NBIOT.o [1]
NbiotUDPMode             0x800'06b1   0x60  Code  Lc  NBIOT.o [1]
NbiotUdprecvResponse     0x800'1661   0xa8  Code  Lc  NBIOT.o [1]
NbiotWaitAtAck           0x800'11dd   0x42  Code  Lc  NBIOT.o [1]
NbiotWakeUp              0x800'1bfd   0x26  Code  Lc  NBIOT.o [1]
NbiotWindowTimerReset    0x800'00c1    0xe  Code  Gb  NBIOT.o [1]
NbiotXIICResponse        0x800'1879   0x30  Code  Lc  NBIOT.o [1]
PLLMulTable              0x801'0fd8    0xc  Data  Gb  system_stm32l0xx.o [1]
PendSV_Handler           0x800'dd25    0x2  Code  Gb  stm32l0xx_it.o [1]
ProGetCmdAckState        0x800'3869    0xe  Code  Gb  Protocol.o [1]
ProGetCmdIndex           0x800'3877    0x4  Code  Lc  Protocol.o [1]
ProSetCmdAckState        0x800'3855   0x14  Code  Lc  Protocol.o [1]
Pro_CmdParseHandle       0x800'387b   0xa4  Code  Gb  Protocol.o [1]
Pro_DOControlCmd         0x800'3dbd  0x12e  Code  Lc  Protocol.o [1]
Pro_DeviceIdVerify       0x800'391f   0x36  Code  Lc  Protocol.o [1]
Pro_GetPowerOnPayload    0x800'979d   0x4e  Code  Gb  product_protocol.o [1]
Pro_GetRegularPayload    0x800'97eb   0x48  Code  Gb  product_protocol.o [1]
Pro_RcvACKMsg            0x800'4115   0x82  Code  Lc  Protocol.o [1]
Pro_RcvConfigCmd         0x800'3ab9  0x1de  Code  Lc  Protocol.o [1]
Pro_RcvReadPowerOnReportCmd
                         0x800'4025   0xe6  Code  Lc  Protocol.o [1]
Pro_RcvResetCmd          0x800'3ca9   0xfe  Code  Lc  Protocol.o [1]
Pro_RestoreFactorySetting
                         0x800'3f09  0x10a  Code  Lc  Protocol.o [1]
Pro_SendPowerOnReportFrame
                         0x800'4249  0x128  Code  Gb  Protocol.o [1]
Pro_SendRegularUpload    0x800'4379   0xa8  Code  Gb  Protocol.o [1]
Pro_SendResponseMsg      0x800'41a1   0x8a  Code  Lc  Protocol.o [1]
Pro_UpdateCfgPayload     0x800'96b9   0xe4  Code  Gb  product_protocol.o [1]
Pro_UpdateDeviceId       0x800'3955   0x40  Code  Gb  Protocol.o [1]
Pro_UpdateHeartBeatInteval
                         0x800'3995   0x4e  Code  Gb  Protocol.o [1]
Pro_UpdateIpAddr         0x800'3a65   0x28  Code  Gb  Protocol.o [1]
Pro_UpdatePortNum        0x800'3a31   0x34  Code  Gb  Protocol.o [1]
Pro_UpdateSampleInteval
                         0x800'39e3   0x4e  Code  Gb  Protocol.o [1]
RCC_SetFlashLatencyFromMSIRange
                         0x800'9005   0x88  Code  Lc  stm32l0xx_hal_rcc.o [1]
RS485ChannelInit         0x800'd637   0x10  Code  Lc  IOChannelManage.o [1]
ReadFactorySetData       0x800'25a3   0x9a  Code  Gb  common_interface.o [1]
ReadUserSetData          0x800'246b   0x9a  Code  Gb  common_interface.o [1]
Region$$Table$$Base      0x801'0324          --   Gb  - Linker created -
Region$$Table$$Limit     0x801'0344          --   Gb  - Linker created -
ResetMode                0x800'29cd   0x32  Code  Gb  main.o [1]
RestorFactoryPara        0x800'26db   0x72  Code  Gb  common_interface.o [1]
SVC_Handler              0x800'dd23    0x2  Code  Gb  stm32l0xx_it.o [1]
SWI_GPIO_Init            0x800'23f1   0x3c  Code  Gb  gpio.o [1]
SaveFactorySetData       0x800'263d   0x9e  Code  Gb  common_interface.o [1]
SaveUserSetData          0x800'2505   0x9e  Code  Gb  common_interface.o [1]
SearchNetWorkProc        0x800'0b55   0x52  Code  Lc  NBIOT.o [1]
SendAtBuffer            0x2000'0cd8  0x200  Data  Lc  NBIOT.o [1]
SetDIIrqFlag             0x800'd9a5   0x2a  Code  Gb  IOChannelManage.o [1]
SrvIODeviceItem_getDeviceItem
                         0x800'2323   0x2a  Code  Gb  SrvIODeviceItem.o [1]
SrvIODeviceItem_register
                         0x800'22f1   0x32  Code  Gb  SrvIODeviceItem.o [1]
SrvIODeviceItem_register::first
                        0x2000'0505    0x1  Data  Lc  SrvIODeviceItem.o [1]
SrvIODevice_close        0x800'7073   0x2a  Code  Gb  SrvIODevice.o [1]
SrvIODevice_ioctl        0x800'715f   0x38  Code  Gb  SrvIODevice.o [1]
SrvIODevice_open         0x800'701f   0x54  Code  Gb  SrvIODevice.o [1]
SrvIODevice_read         0x800'709d   0x4a  Code  Gb  SrvIODevice.o [1]
SrvIODevice_seek         0x800'7131   0x2e  Code  Gb  SrvIODevice.o [1]
SrvIODevice_write        0x800'70e7   0x4a  Code  Gb  SrvIODevice.o [1]
SrvList_addTail          0x800'5fe5   0x10  Code  Gb  SrvList.o [1]
SrvList_configure        0x800'5fdf    0x6  Code  Gb  SrvList.o [1]
SrvList_getFirstEntry    0x800'5ff5   0x1c  Code  Gb  SrvList.o [1]
SrvList_getNextEntry     0x800'6011   0x1c  Code  Gb  SrvList.o [1]
SupplyPowerInit          0x800'd681   0x46  Code  Lc  IOChannelManage.o [1]
SysAdcInit               0x800'2b0f   0x36  Code  Gb  main.o [1]
SysDriverInit            0x800'3085    0xe  Code  Gb  main.o [1]
SysParaInit              0x800'2a11   0xda  Code  Gb  main.o [1]
SysSampleProc            0x800'2d59   0x84  Code  Gb  main.o [1]
SysTick_Config           0x800'4d2b   0x32  Code  Lc  stm32l0xx_hal_cortex.o [1]
SysTick_Handler          0x800'dd27    0xc  Code  Gb  stm32l0xx_it.o [1]
SysTimelySampleProc      0x800'2de5   0x2c  Code  Gb  main.o [1]
SysTimelySampleProc::LastReportCounter
                        0x2000'1c18    0x4  Data  Lc  main.o [1]
SystemClock_Config       0x800'320d   0xb6  Code  Gb  main.o [1]
SystemCoreClock         0x2000'0438    0x4  Data  Gb  system_stm32l0xx.o [1]
SystemInit               0x800'de31   0x5a  Code  Gb  system_stm32l0xx.o [1]
TIM21_IRQHandler         0x800'dd3d    0xa  Code  Gb  stm32l0xx_it.o [1]
TIM22_IRQHandler         0x800'541d   0x86  Code  Gb  usart.o [1]
TIM2_IRQHandler          0x800'1fd5   0x48  Code  Gb  tim.o [1]
TIM6_IRQHandler          0x800'1ee9   0x26  Code  Gb  tim.o [1]
TIM_Base_SetConfig       0x800'4b11   0x74  Code  Lc  stm32l0xx_hal_tim.o [1]
TIM_ETR_SetConfig        0x800'4bff   0x1a  Code  Lc  stm32l0xx_hal_tim.o [1]
TIM_ITRx_SetConfig       0x800'4be5   0x1a  Code  Lc  stm32l0xx_hal_tim.o [1]
TIM_Reset_Timer2         0x800'205d   0x4a  Code  Gb  tim.o [1]
TIM_TI1_ConfigInputStage
                         0x800'4b85   0x28  Code  Lc  stm32l0xx_hal_tim.o [1]
TIM_TI2_ConfigInputStage
                         0x800'4bad   0x2a  Code  Lc  stm32l0xx_hal_tim.o [1]
Tim21Disable             0x800'20f9   0x32  Code  Gb  tim.o [1]
Tim21RegisterCb          0x800'212b    0x6  Code  Gb  tim.o [1]
Tim21Reset               0x800'20b1   0x48  Code  Gb  tim.o [1]
Tim2Disable              0x800'201d   0x32  Code  Gb  tim.o [1]
TimelyReportProc         0x800'2b49   0xf6  Code  Gb  main.o [1]
TimelyReportProc::FirstRun
                        0x2000'0504    0x1  Data  Lc  main.o [1]
TimelyReportProc::IgnoreTimelyReport
                        0x2000'1c3e    0x2  Data  Lc  main.o [1]
TimelyReportProc::LastReportCounter
                        0x2000'1c14    0x4  Data  Lc  main.o [1]
UART_AdvFeatureConfig    0x800'5ca9   0xde  Code  Gb  stm32l0xx_hal_uart.o [1]
UART_CheckIdleState      0x800'5d8d   0x6a  Code  Gb  stm32l0xx_hal_uart.o [1]
UART_DMAAbortOnError     0x800'5e9d   0x1a  Code  Lc  stm32l0xx_hal_uart.o [1]
UART_EndTransmit_IT      0x800'5f2b   0x20  Code  Lc  stm32l0xx_hal_uart.o [1]
UART_Receive_IT          0x800'5f4b   0x8a  Code  Lc  stm32l0xx_hal_uart.o [1]
UART_SetConfig           0x800'58e1  0x3b6  Code  Gb  stm32l0xx_hal_uart.o [1]
UART_Transmit_IT         0x800'5eb7   0x74  Code  Lc  stm32l0xx_hal_uart.o [1]
UART_WaitOnFlagUntilTimeout
                         0x800'5e01   0x6a  Code  Gb  stm32l0xx_hal_uart.o [1]
USART1_IRQHandler        0x800'5381   0x8e  Code  Gb  usart.o [1]
UpdateBatLeftPer         0x800'29ff   0x12  Code  Gb  main.o [1]
_Encoding_8859_1_Mbrlen
                         0x801'0319    0x2  Code  Gb  xencoding_8859_1.o [2]
_Encoding_8859_1_Mbtowc
                         0x801'0311    0x8  Code  Gb  xencoding_8859_1.o [2]
_Encoding_8859_1_Wctomb
                         0x801'0301   0x10  Code  Gb  xencoding_8859_1.o [2]
_Error_Handler           0x800'2467    0x4  Code  Gb  common_interface.o [1]
_Frprep                  0x800'daa5   0xd0  Code  Gb  xfrprep.o [2]
_GenldFull               0x800'6d6d  0x27c  Code  Lc  xprintffull.o [2]
_GetN                    0x800'b8e9   0x26  Code  Lc  xscanffull.o [2]
_GetfldFull              0x800'bb49  0x12c  Code  Lc  xscanffull.o [2]
_GetfloatFull            0x800'c26d  0x5d0  Code  Lc  xscanffull.o [2]
_GetintFull              0x800'bff5  0x254  Code  Lc  xscanffull.o [2]
_GetstrFull              0x800'bcd1  0x2fe  Code  Lc  xscanffull.o [2]
_LdtobFull               0x800'6901  0x456  Code  Lc  xprintffull.o [2]
_LitobFull               0x800'6791  0x120  Code  Lc  xprintffull.o [2]
_LocaleC_isalpha         0x800'a197    0xc  Code  Gb  xlocale_c.o [2]
_LocaleC_islower         0x800'a191    0x4  Code  Gb  xlocale_c.o [2]
_LocaleC_isspace         0x800'a1ad   0x14  Code  Gb  xlocale_c.o [2]
_LocaleC_isupper         0x800'a195    0x2  Code  Gb  xlocale_c.o [2]
_LocaleC_tolower         0x800'a1c1    0xc  Code  Gb  xlocale_c.o [2]
_Locale_lconv           0x2000'043c   0x38  Data  Lc  xlocale_c.o [2]
_PrintfFull              0x800'602d  0x1d8  Code  Gb  xprintffull.o [2]
_Prout                   0x801'0af9   0x16  Code  Gb  xprout.o [2]
_PutcharsFull            0x800'6fe9   0x34  Code  Lc  xprintffull.o [2]
_PutfldFull              0x800'628d  0x2cc  Code  Lc  xprintffull.o [2]
_PutstrFull              0x800'66c5   0xc4  Code  Lc  xprintffull.o [2]
_PuttxtFull              0x800'65c1  0x102  Code  Lc  xprintffull.o [2]
_SProut                  0x800'336f    0xa  Code  Gb  xsprout.o [2]
_ScanfFull               0x800'b92d  0x1fe  Code  Gb  xscanffull.o [2]
_Scin                    0x801'0c29   0x14  Code  Gb  xscin.o [2]
_UngetN                  0x800'b90f   0x1e  Code  Lc  xscanffull.o [2]
__aeabi_cdcmple          0x800'a49d         Code  Gb  DblCmpLe.o [3]
__aeabi_cdrcmple         0x800'a4cf         Code  Gb  DblCmpGe.o [3]
__aeabi_cfcmple          0x800'b48d         Code  Gb  FltCmpLe.o [3]
__aeabi_cfrcmple         0x800'b4b5         Code  Gb  FltCmpGe.o [3]
__aeabi_d2f              0x800'b5c7         Code  Gb  DblToFlt.o [3]
__aeabi_d2iz             0x800'a501         Code  Gb  DblToI32.o [3]
__aeabi_d2uiz            0x800'a525         Code  Gb  DblToI32.o [3]
__aeabi_dadd             0x800'a589         Code  Gb  DblAddSub.o [3]
__aeabi_ddiv             0x800'a73d         Code  Gb  DblDiv.o [3]
__aeabi_dmul             0x800'a319         Code  Gb  DblMul.o [3]
__aeabi_dsub             0x800'a64f         Code  Gb  DblAddSub.o [3]
__aeabi_f2d              0x800'b629         Code  Gb  FltToDbl.o [3]
__aeabi_f2iz             0x800'b58d         Code  Gb  FltToS32.o [3]
__aeabi_fmul             0x800'b4dd         Code  Gb  FltMul.o [3]
__aeabi_i2d              0x800'a575         Code  Gb  IxxToDbl.o [3]
__aeabi_idiv             0x800'378d         Code  Gb  I32DivModFast.o [4]
__aeabi_idiv0            0x800'96b5         Code  Gb  IntDivZer.o [4]
__aeabi_idivmod          0x800'378d         Code  Gb  I32DivModFast.o [4]
__aeabi_ldiv0            0x800'b6a5         Code  Gb  I64DivZer.o [4]
__aeabi_lmul             0x800'a0f5         Code  Gb  I64Mul.o [4]
__aeabi_memclr4          0x800'2241         Code  Gb  ABImemset.o [4]
__aeabi_memclr8          0x800'2241         Code  Gb  ABImemset.o [4]
__aeabi_memcpy           0x800'33ad         Code  Gb  ABImemcpy.o [4]
__aeabi_memcpy4          0x800'3379         Code  Gb  ABImemcpy.o [4]
__aeabi_memcpy8          0x800'3379         Code  Gb  ABImemcpy.o [4]
__aeabi_memmove          0x800'da85         Code  Gb  ABImemmove.o [4]
__aeabi_memmove4         0x800'da85         Code  Gb  ABImemmove.o [4]
__aeabi_memmove8         0x800'da85         Code  Gb  ABImemmove.o [4]
__aeabi_memset           0x800'2221         Code  Gb  ABImemset.o [4]
__aeabi_ui2d             0x800'a555         Code  Gb  IxxToDbl.o [3]
__aeabi_uidiv            0x800'3793         Code  Gb  I32DivModFast.o [4]
__aeabi_uidivmod         0x800'3793         Code  Gb  I32DivModFast.o [4]
__aeabi_uldivmod         0x800'a127         Code  Gb  I64DivMod.o [4]
__aeabi_uread4           0x800'3359         Code  Gb  uread4.o [4]
__aeabi_uwrite4          0x800'374d         Code  Gb  uwrite4.o [4]
__cmain                  0x801'05a5         Code  Gb  cmain.o [4]
__data_GetMemChunk       0x800'dbc1   0x2c  Code  Gb  xgetmemchunk.o [2]
__data_GetMemChunk::start
                        0x2000'1c38    0x4  Data  Lc  xgetmemchunk.o [2]
__exit                   0x800'c845   0x14  Code  Gb  exit.o [5]
__iar_Fail_s             0x800'a2b1   0x22  Code  Gb  xfail_s.o [2]
__iar_Mbcurmax           0x800'a30f    0xa  Code  Gb  xmbcurmax.o [2]
__iar_Memchr             0x800'a2f9         Code  Gb  memchr.o [4]
__iar_Memcpy             0x800'33b9         Code  Gb  ABImemcpy.o [4]
__iar_Memset4_word       0x800'2245         Code  Gb  ABImemset.o [4]
__iar_Memset_word        0x800'222d         Code  Gb  ABImemset.o [4]
__iar_Stdin             0x2000'04bc   0x48  Data  Gb  xfiles.o [2]
__iar_Sto64              0x800'cd51  0x144  Code  Gb  strto64.o [3]
__iar_Stoflt             0x800'cfe9  0x1e0  Code  Gb  iar_Stoflt.o [2]
__iar_Stollx             0x800'c891   0x9e  Code  Gb  iar_Stollx.o [2]
__iar_Stopfx             0x800'cecf  0x118  Code  Gb  iar_Stopfx.o [2]
__iar_Stoullx            0x800'c939  0x18c  Code  Gb  iar_Stoullx.o [2]
__iar_Stoulx             0x800'9545  0x14c  Code  Gb  iar_Stoulx.o [2]
__iar_Stoxflt            0x800'd1c9  0x200  Code  Gb  iar_Stoxflt.o [2]
__iar_Stoxflt::digits    0x800'd3cc   0x18  Data  Lc  iar_Stoxflt.o [2]
__iar_Stoxflt::vals      0x800'd3e4   0x18  Data  Lc  iar_Stoxflt.o [2]
__iar_Strchr             0x800'96a1         Code  Gb  strchr.o [4]
__iar_d2uiz              0x800'a529         Code  Gb  DblToI32.o [3]
__iar_data_init3         0x800'ff9d   0x28  Code  Gb  data_init.o [4]
__iar_globLocale        0x2000'0474   0x48  Data  Lc  xlocale_c.o [2]
__iar_global_Locale      0x800'a1cd    0x4  Code  Gb  xlocale_c.o [2]
__iar_lz77_init_single3
                         0x800'2273   0x7e  Code  Gb  lz77_init_single.o [4]
__iar_program_start      0x801'0fe5         Code  Gb  cstartup_M.o [4]
__iar_zero_init3         0x800'e785   0x3c  Code  Gb  zero_init3.o [4]
__low_level_init         0x801'05c3    0x4  Code  Gb  low_level_init.o [2]
__no_free_malloc         0x800'db75   0x48  Code  Gb  no_free_heap0.o [2]
__read                   0x800'784d   0x38  Code  Gb  duart.o [1]
__ungetchar              0x801'0aeb    0xa  Code  Gb  getchar.o [2]
__vector_table           0x800'0000         Data  Gb  startup_stm32l071xx.o [1]
__write                  0x800'7833   0x1a  Code  Gb  duart.o [1]
_call_main               0x801'05b1         Code  Gb  cmain.o [4]
_exit                    0x801'05d1         Code  Gb  cexit.o [4]
_gLocale_mblen           0x800'a281    0xa  Code  Gb  xlocale_c.o [2]
_gLocale_mblenInt        0x800'a1f9   0x34  Code  Gb  xlocale_c.o [2]
_gLocale_mbtowc          0x800'a28b    0xc  Code  Gb  xlocale_c.o [2]
_gLocale_mbtowcInt       0x800'a22d   0x4c  Code  Gb  xlocale_c.o [2]
_gLocale_wctomb          0x800'a297    0xa  Code  Gb  xlocale_c.o [2]
_gLocale_wctombInt       0x800'a279    0x8  Code  Gb  xlocale_c.o [2]
_main                    0x801'05bf         Code  Gb  cmain.o [4]
abort                    0x800'b6a7    0xa  Code  Gb  abort.o [2]
adc_AnalogVolChannel     0x800'7581   0x9a  Code  Lc  ADCDriver.o [1]
adc_TempSample           0x800'761b   0x9c  Code  Lc  ADCDriver.o [1]
adc_close                0x800'74ef   0x1e  Code  Lc  ADCDriver.o [1]
adc_ioctl                0x800'750d   0x74  Code  Lc  ADCDriver.o [1]
adc_open                 0x800'74ad   0x42  Code  Lc  ADCDriver.o [1]
atoi                     0x800'9691    0x4  Code  Gb  iar_Stoulx.o [2]
com_AdminConfig          0x800'84dd   0x66  Code  Lc  communication.o [1]
com_ClearBuffer          0x800'7a09   0x16  Code  Lc  communication.o [1]
com_ClearStdin           0x800'79af   0x12  Code  Lc  communication.o [1]
com_EXITMenu             0x800'8321    0x6  Code  Lc  communication.o [1]
com_MenuConfig           0x800'8421   0xa0  Code  Lc  communication.o [1]
com_ParaBackup           0x800'7b5d   0x38  Code  Lc  communication.o [1]
com_ParaFactory          0x800'82dd   0x30  Code  Lc  communication.o [1]
com_SerialTranscallback
                         0x800'79c1   0x48  Code  Lc  communication.o [1]
com_SetAICH1             0x800'7f55   0xb4  Code  Lc  communication.o [1]
com_SetAICH2             0x800'802d   0xb4  Code  Lc  communication.o [1]
com_SetDeviceID          0x800'7c45   0x8c  Code  Lc  communication.o [1]
com_SetDeviceIP          0x800'7cf5   0x7c  Code  Lc  communication.o [1]
com_SetDeviceSN          0x800'7b99   0x8c  Code  Lc  communication.o [1]
com_SetHardWare          0x800'7ae7   0x76  Code  Lc  communication.o [1]
com_SetHeartAlarmTime    0x800'7e99   0xa2  Code  Lc  communication.o [1]
com_SetNBMode            0x800'7d89   0xec  Code  Lc  communication.o [1]
com_SetSerialTrans       0x800'8327   0xec  Code  Lc  communication.o [1]
com_ShowIOChannelPara    0x800'80f9  0x12e  Code  Lc  communication.o [1]
com_ShowSetPara          0x800'8245   0x98  Code  Lc  communication.o [1]
com_UserConfig           0x800'85a9   0x1c  Code  Lc  communication.o [1]
com_VerifyAccount        0x800'7a5d   0x8a  Code  Lc  communication.o [1]
ddiv                     0x800'cb3d   0x64  Code  Lc  strto64.o [3]
delay_ms                 0x800'244f   0x18  Code  Gb  common_interface.o [1]
delay_us                 0x800'243d   0x12  Code  Gb  common_interface.o [1]
digits                   0x800'e048   0x28  Data  Lc  iar_Stoulx.o [2]
digits                   0x800'e098   0x28  Data  Lc  iar_Stoullx.o [2]
dmul                     0x800'cad9   0x64  Code  Lc  strto64.o [3]
duart                   0x2000'012c    0x4  Data  Gb  duart.o [1]
duart_close              0x800'7745   0x1c  Code  Lc  duart.o [1]
duart_configure          0x800'7711   0x18  Code  Gb  duart.o [1]
duart_ioctl              0x800'7761   0x4a  Code  Lc  duart.o [1]
duart_open               0x800'7729   0x1c  Code  Lc  duart.o [1]
eeprom_close             0x800'738f   0x1e  Code  Lc  EEPROM.o [1]
eeprom_open              0x800'734d   0x42  Code  Lc  EEPROM.o [1]
eeprom_read              0x800'73ad   0x38  Code  Lc  EEPROM.o [1]
eeprom_seek              0x800'741b   0x20  Code  Lc  EEPROM.o [1]
eeprom_write             0x800'73e5   0x36  Code  Lc  EEPROM.o [1]
eeprom_writeword         0x800'743b   0x48  Code  Lc  EEPROM.o [1]
exit                     0x801'05c7    0x8  Code  Gb  exit.o [2]
fgetc                    0x800'df75   0x56  Code  Gb  fgetc.o [2]
fp_Tim21ItCb            0x2000'1c24    0x4  Data  Gb  tim.o [1]
getNcdpOpenState         0x800'00cf    0x6  Code  Lc  NBIOT.o [1]
getchar                  0x801'0ae1    0xa  Code  Gb  getchar.o [2]
hadc                    0x2000'18b8   0x60  Data  Gb  adc.o [1]
hdma_adc                0x2000'1918   0x40  Data  Gb  adc.o [1]
hlptim1                 0x2000'1a78   0x30  Data  Gb  lptim.o [1]
hlpuart1                0x2000'17d8   0x70  Data  Gb  usart.o [1]
htim2                   0x2000'1998   0x38  Data  Gb  tim.o [1]
htim21                  0x2000'19d0   0x38  Data  Gb  tim.o [1]
htim22                  0x2000'1a08   0x38  Data  Gb  tim.o [1]
htim6                   0x2000'1a40   0x38  Data  Gb  tim.o [1]
huart1                  0x2000'1848   0x70  Data  Gb  usart.o [1]
isalpha                  0x800'cebd   0x12  Code  Gb  isalpha.o [2]
isspace                  0x800'b681   0x12  Code  Gb  isspace.o [2]
led_BlinkControl         0x800'4f4d   0x34  Code  Lc  led.o [1]
led_Led_cb               0x800'50d5   0x2e  Code  Lc  led.o [1]
led_LightOffControl      0x800'4f15   0x38  Code  Lc  led.o [1]
led_LightOnControl       0x800'4edd   0x38  Code  Lc  led.o [1]
led_Reset                0x800'4eab   0x32  Code  Lc  led.o [1]
led_SetWorkPara          0x800'4f81   0x52  Code  Lc  led.o [1]
led_TaskListHandle       0x800'4fd3   0xf8  Code  Lc  led.o [1]
led_close                0x800'4e5b   0x1c  Code  Lc  led.o [1]
led_configure            0x800'4de5   0x14  Code  Gb  led.o [1]
led_init                 0x800'4df9   0x40  Code  Lc  led.o [1]
led_ioctl                0x800'4e77   0x34  Code  Lc  led.o [1]
led_open                 0x800'4e39   0x22  Code  Lc  led.o [1]
localeconv               0x800'a2a1    0x4  Code  Gb  xlocale_c.o [2]
m_ADCConvertedData      0x2000'0508  0x7d0  Data  Lc  ADCDriver.o [1]
m_MenuItem              0x2000'0054   0xd0  Data  Gb  communication.o [1]
m_sCallBackFlag         0x2000'1c43    0x1  Data  Gb  duart.o [1]
m_stADCDeviceItem       0x2000'1ac0   0x14  Data  Lc  ADCDriver.o [1]
m_stADCOperation        0x2000'0000   0x18  Data  Lc  ADCDriver.o [1]
m_stComItem             0x2000'0124    0x8  Data  Gb  communication.o [1]
m_stDeviceLinkList      0x2000'1b98   0x10  Data  Lc  SrvIODeviceItem.o [1]
m_stFlashOperation      0x2000'0148   0x18  Data  Lc  EEPROM.o [1]
m_stManuSection         0x2000'0160    0x8  Data  Lc  EEPROM.o [1]
m_stManuStorageDeviceItem
                        0x2000'1ae8   0x14  Data  Lc  EEPROM.o [1]
m_stMsuartPara          0x2000'01b0   0x10  Data  Lc  musart.o [1]
m_stNBIOTDeviceItem     0x2000'1b24   0x14  Data  Lc  NBIOT.o [1]
m_stNBIOTItem           0x2000'0334   0x6c  Data  Gb  NBIOT.o [1]
m_stNBIOTOperation      0x2000'03a0   0x18  Data  Lc  NBIOT.o [1]
m_stUserSection         0x2000'0168    0x8  Data  Lc  EEPROM.o [1]
m_stUserStorageDeviceItem
                        0x2000'1afc   0x14  Data  Lc  EEPROM.o [1]
m_stduartDeviceItem     0x2000'1ad4   0x14  Data  Lc  duart.o [1]
m_stduartOperation      0x2000'0130   0x18  Data  Lc  duart.o [1]
m_stledDeviceItem       0x2000'1b10   0x14  Data  Lc  led.o [1]
m_stledOperation        0x2000'0170   0x18  Data  Lc  led.o [1]
m_u16usart1RevCount     0x2000'1c28    0x4  Data  Lc  usart.o [1]
m_u32ComSerTrsRcvLen    0x2000'1c08    0x4  Data  Lc  communication.o [1]
m_u8ComMenuBuf          0x2000'14b4  0x100  Data  Lc  communication.o [1]
m_u8NBIOTRcvBuffer      0x2000'0ed8  0x1f4  Data  Lc  NBIOT.o [1]
m_u8NBIOTRcvLen         0x2000'1c1c    0x4  Data  Lc  NBIOT.o [1]
m_u8usart1RevBuffer     0x2000'12c0  0x1f4  Data  Lc  usart.o [1]
main                     0x800'30bd  0x132  Code  Gb  main.o [1]
memchr                   0x800'a2f9         Code  Gb  memchr.o [4]
nbiotCloseEcho           0x800'0a25   0x44  Code  Lc  NBIOT.o [1]
nbiot_close              0x800'021b   0x1e  Code  Lc  NBIOT.o [1]
nbiot_configure          0x800'012d   0x9e  Code  Gb  NBIOT.o [1]
nbiot_ioctl              0x800'07bb  0x106  Code  Lc  NBIOT.o [1]
nbiot_open               0x800'01d3   0x48  Code  Lc  NBIOT.o [1]
nbiot_read               0x800'079d   0x1e  Code  Lc  NBIOT.o [1]
nbiot_write              0x800'0721   0x70  Code  Lc  NBIOT.o [1]
ndigs                    0x800'e020   0x28  Data  Lc  iar_Stoulx.o [2]
ndigs                    0x800'e070   0x28  Data  Lc  iar_Stoullx.o [2]
pFlash                  0x2000'1aa8   0x18  Data  Gb  stm32l0xx_hal_flash.o [1]
pfUart1RcvFrameCB       0x2000'1c2c    0x4  Data  Gb  usart.o [1]
pows                     0x800'e230   0x48  Data  Lc  strto64.o [3]
printf                   0x800'3331   0x28  Code  Gb  printf.o [2]
putchar                  0x800'7885   0x24  Code  Gb  duart.o [1]
qs                      0x2000'1c34    0x4  Data  Lc  no_free_heap0.o [2]
ranmatch                 0x800'bc91   0x40  Code  Lc  xscanffull.o [2]
scale                    0x800'68b1   0x44  Code  Lc  xprintffull.o [2]
scanf                    0x800'b465   0x28  Code  Gb  scanf.o [2]
sec_hand                0x2000'1c30    0x4  Data  Lc  xfail_s.o [2]
sprintf                  0x800'2359   0x40  Code  Gb  sprintf.o [2]
stADC                   0x2000'1b38   0x10  Data  Gb  ADCDriver.o [1]
stAnalogInputCH1        0x2000'1bb4    0xc  Data  Gb  IOChannelManage.o [1]
stAnalogInputCH2        0x2000'1bc0    0xc  Data  Gb  IOChannelManage.o [1]
stAtCmdTab              0x2000'01c0  0x174  Data  Gb  NBIOT.o [1]
stDebugUartDevice       0x2000'1b48   0x10  Data  Gb  duart.o [1]
stDigitalInputCH1       0x2000'1bcc    0xc  Data  Gb  IOChannelManage.o [1]
stDigitalInputCH2       0x2000'1bd8    0xc  Data  Gb  IOChannelManage.o [1]
stDigitalOutputCH1      0x2000'1be4    0xc  Data  Gb  IOChannelManage.o [1]
stEEPROMManuDevice      0x2000'1b68   0x10  Data  Gb  EEPROM.o [1]
stEEPROMUserDevice      0x2000'1b58   0x10  Data  Gb  EEPROM.o [1]
stIOChannelPara         0x2000'1c10    0x4  Data  Gb  IOChannelManage.o [1]
stLedCtrlTable          0x2000'0188   0x28  Data  Gb  led.o [1]
stNBIOT                 0x2000'1b88   0x10  Data  Gb  NBIOT.o [1]
stProCmdTab             0x2000'03b8   0x80  Data  Gb  Protocol.o [1]
stRS485CH1              0x2000'1bf0    0xc  Data  Gb  IOChannelManage.o [1]
stSupplyPowerOutPut     0x2000'1bfc    0xc  Data  Gb  IOChannelManage.o [1]
stSysParaData           0x2000'16b4   0xa4  Data  Gb  common_interface.o [1]
stledDevice             0x2000'1b78   0x10  Data  Gb  led.o [1]
strchr                   0x800'96a1         Code  Gb  strchr.o [4]
strlen                   0x800'33c9         Code  Gb  strlen.o [4]
strncpy                  0x800'33d9         Code  Gb  strncpy.o [4]
strstr                   0x800'3719   0x32  Code  Gb  strstr.o [2]
strtoll                  0x800'c92f    0xa  Code  Gb  iar_Stollx.o [2]
strtoull                 0x800'cacd    0xa  Code  Gb  iar_Stoullx.o [2]
tolower                  0x800'b693   0x12  Code  Gb  tolower.o [2]
u32arg                  0x2000'1c0c    0x4  Data  Gb  communication.o [1]
u8TempBuffer            0x2000'1758   0x80  Data  Gb  NBIOT.o [1]
u8TempHexBuf            0x2000'1958   0x40  Data  Gb  NBIOT.o [1]
ungetc                   0x800'df15   0x60  Code  Gb  ungetc.o [2]
uwTick                  0x2000'1c20    0x4  Data  Gb  stm32l0xx_hal.o [1]
wctob                    0x800'c859   0x30  Code  Gb  wctob.o [2]


[1] = F:\CS-iTDTU-01\code\Project\EWARM\CS-iTDTU-01\Obj
[2] = dl6M_tlf.a
[3] = m6M_tl.a
[4] = rt6M_tl.a
[5] = shb_l.a

  57 044 bytes of readonly  code memory
  13 494 bytes of readonly  data memory
   8 772 bytes of readwrite data memory

Errors: none
Warnings: none
